Archive member included to satisfy reference by file (symbol)

D:/software/ST/cubeide/STM32CubeIDE_1.15.1/STM32CubeIDE/plugins/com.st.stm32cube.ide.mcu.externaltools.gnu-tools-for-stm32.12.3.rel1.win32_1.0.100.202403111256/tools/bin/../lib/gcc/arm-none-eabi/12.3.1/../../../../arm-none-eabi/lib/thumb/v7-m/nofp\libc_nano.a(libc_a-exit.o)
                              D:/software/ST/cubeide/STM32CubeIDE_1.15.1/STM32CubeIDE/plugins/com.st.stm32cube.ide.mcu.externaltools.gnu-tools-for-stm32.12.3.rel1.win32_1.0.100.202403111256/tools/bin/../lib/gcc/arm-none-eabi/12.3.1/../../../../arm-none-eabi/lib/thumb/v7-m/nofp/crt0.o (exit)
D:/software/ST/cubeide/STM32CubeIDE_1.15.1/STM32CubeIDE/plugins/com.st.stm32cube.ide.mcu.externaltools.gnu-tools-for-stm32.12.3.rel1.win32_1.0.100.202403111256/tools/bin/../lib/gcc/arm-none-eabi/12.3.1/../../../../arm-none-eabi/lib/thumb/v7-m/nofp\libc_nano.a(libc_a-findfp.o)
                              D:/software/ST/cubeide/STM32CubeIDE_1.15.1/STM32CubeIDE/plugins/com.st.stm32cube.ide.mcu.externaltools.gnu-tools-for-stm32.12.3.rel1.win32_1.0.100.202403111256/tools/bin/../lib/gcc/arm-none-eabi/12.3.1/../../../../arm-none-eabi/lib/thumb/v7-m/nofp\libc_nano.a(libc_a-exit.o) (__stdio_exit_handler)
D:/software/ST/cubeide/STM32CubeIDE_1.15.1/STM32CubeIDE/plugins/com.st.stm32cube.ide.mcu.externaltools.gnu-tools-for-stm32.12.3.rel1.win32_1.0.100.202403111256/tools/bin/../lib/gcc/arm-none-eabi/12.3.1/../../../../arm-none-eabi/lib/thumb/v7-m/nofp\libc_nano.a(libc_a-fwalk.o)
                              D:/software/ST/cubeide/STM32CubeIDE_1.15.1/STM32CubeIDE/plugins/com.st.stm32cube.ide.mcu.externaltools.gnu-tools-for-stm32.12.3.rel1.win32_1.0.100.202403111256/tools/bin/../lib/gcc/arm-none-eabi/12.3.1/../../../../arm-none-eabi/lib/thumb/v7-m/nofp\libc_nano.a(libc_a-findfp.o) (_fwalk_sglue)
D:/software/ST/cubeide/STM32CubeIDE_1.15.1/STM32CubeIDE/plugins/com.st.stm32cube.ide.mcu.externaltools.gnu-tools-for-stm32.12.3.rel1.win32_1.0.100.202403111256/tools/bin/../lib/gcc/arm-none-eabi/12.3.1/../../../../arm-none-eabi/lib/thumb/v7-m/nofp\libc_nano.a(libc_a-stdio.o)
                              D:/software/ST/cubeide/STM32CubeIDE_1.15.1/STM32CubeIDE/plugins/com.st.stm32cube.ide.mcu.externaltools.gnu-tools-for-stm32.12.3.rel1.win32_1.0.100.202403111256/tools/bin/../lib/gcc/arm-none-eabi/12.3.1/../../../../arm-none-eabi/lib/thumb/v7-m/nofp\libc_nano.a(libc_a-findfp.o) (__sread)
D:/software/ST/cubeide/STM32CubeIDE_1.15.1/STM32CubeIDE/plugins/com.st.stm32cube.ide.mcu.externaltools.gnu-tools-for-stm32.12.3.rel1.win32_1.0.100.202403111256/tools/bin/../lib/gcc/arm-none-eabi/12.3.1/../../../../arm-none-eabi/lib/thumb/v7-m/nofp\libc_nano.a(libc_a-memset.o)
                              D:/software/ST/cubeide/STM32CubeIDE_1.15.1/STM32CubeIDE/plugins/com.st.stm32cube.ide.mcu.externaltools.gnu-tools-for-stm32.12.3.rel1.win32_1.0.100.202403111256/tools/bin/../lib/gcc/arm-none-eabi/12.3.1/../../../../arm-none-eabi/lib/thumb/v7-m/nofp/crt0.o (memset)
D:/software/ST/cubeide/STM32CubeIDE_1.15.1/STM32CubeIDE/plugins/com.st.stm32cube.ide.mcu.externaltools.gnu-tools-for-stm32.12.3.rel1.win32_1.0.100.202403111256/tools/bin/../lib/gcc/arm-none-eabi/12.3.1/../../../../arm-none-eabi/lib/thumb/v7-m/nofp\libc_nano.a(libc_a-closer.o)
                              D:/software/ST/cubeide/STM32CubeIDE_1.15.1/STM32CubeIDE/plugins/com.st.stm32cube.ide.mcu.externaltools.gnu-tools-for-stm32.12.3.rel1.win32_1.0.100.202403111256/tools/bin/../lib/gcc/arm-none-eabi/12.3.1/../../../../arm-none-eabi/lib/thumb/v7-m/nofp\libc_nano.a(libc_a-stdio.o) (_close_r)
D:/software/ST/cubeide/STM32CubeIDE_1.15.1/STM32CubeIDE/plugins/com.st.stm32cube.ide.mcu.externaltools.gnu-tools-for-stm32.12.3.rel1.win32_1.0.100.202403111256/tools/bin/../lib/gcc/arm-none-eabi/12.3.1/../../../../arm-none-eabi/lib/thumb/v7-m/nofp\libc_nano.a(libc_a-reent.o)
                              D:/software/ST/cubeide/STM32CubeIDE_1.15.1/STM32CubeIDE/plugins/com.st.stm32cube.ide.mcu.externaltools.gnu-tools-for-stm32.12.3.rel1.win32_1.0.100.202403111256/tools/bin/../lib/gcc/arm-none-eabi/12.3.1/../../../../arm-none-eabi/lib/thumb/v7-m/nofp\libc_nano.a(libc_a-closer.o) (errno)
D:/software/ST/cubeide/STM32CubeIDE_1.15.1/STM32CubeIDE/plugins/com.st.stm32cube.ide.mcu.externaltools.gnu-tools-for-stm32.12.3.rel1.win32_1.0.100.202403111256/tools/bin/../lib/gcc/arm-none-eabi/12.3.1/../../../../arm-none-eabi/lib/thumb/v7-m/nofp\libc_nano.a(libc_a-impure.o)
                              D:/software/ST/cubeide/STM32CubeIDE_1.15.1/STM32CubeIDE/plugins/com.st.stm32cube.ide.mcu.externaltools.gnu-tools-for-stm32.12.3.rel1.win32_1.0.100.202403111256/tools/bin/../lib/gcc/arm-none-eabi/12.3.1/../../../../arm-none-eabi/lib/thumb/v7-m/nofp\libc_nano.a(libc_a-reent.o) (_impure_ptr)
[...]
Memory Configuration

Name             Origin             Length             Attributes
RAM              0x20000000         0x00005000         xrw
FLASH            0x08000000         0x00010000         xr
*default*        0x00000000         0xffffffff

Linker script and memory map

LOAD D:/software/ST/cubeide/STM32CubeIDE_1.15.1/STM32CubeIDE/plugins/com.st.stm32cube.ide.mcu.externaltools.gnu-tools-for-stm32.12.3.rel1.win32_1.0.100.202403111256/tools/bin/../lib/gcc/arm-none-eabi/12.3.1/thumb/v7-m/nofp/crti.o
LOAD D:/software/ST/cubeide/STM32CubeIDE_1.15.1/STM32CubeIDE/plugins/com.st.stm32cube.ide.mcu.externaltools.gnu-tools-for-stm32.12.3.rel1.win32_1.0.100.202403111256/tools/bin/../lib/gcc/arm-none-eabi/12.3.1/thumb/v7-m/nofp/crtbegin.o
LOAD D:/software/ST/cubeide/STM32CubeIDE_1.15.1/STM32CubeIDE/plugins/com.st.stm32cube.ide.mcu.externaltools.gnu-tools-for-stm32.12.3.rel1.win32_1.0.100.202403111256/tools/bin/../lib/gcc/arm-none-eabi/12.3.1/../../../../arm-none-eabi/lib/thumb/v7-m/nofp/crt0.o
LOAD ./Core/Src/MY_SPI.o
LOAD ./Core/Src/TJC.o
LOAD ./Core/Src/ad9959.o
LOAD ./Core/Src/gpio.o
LOAD ./Core/Src/main.o
LOAD ./Core/Src/stm32f1xx_hal_msp.o
LOAD ./Core/Src/stm32f1xx_it.o
LOAD ./Core/Src/syscalls.o
LOAD ./Core/Src/sysmem.o
LOAD ./Core/Src/system_stm32f1xx.o
LOAD ./Core/Src/usart.o
LOAD ./Core/Startup/startup_stm32f103c8tx.o
LOAD ./Drivers/STM32F1xx_HAL_Driver/Src/stm32f1xx_hal.o
LOAD ./Drivers/STM32F1xx_HAL_Driver/Src/stm32f1xx_hal_cortex.o
LOAD ./Drivers/STM32F1xx_HAL_Driver/Src/stm32f1xx_hal_dma.o
LOAD ./Drivers/STM32F1xx_HAL_Driver/Src/stm32f1xx_hal_exti.o
LOAD ./Drivers/STM32F1xx_HAL_Driver/Src/stm32f1xx_hal_flash.o
LOAD ./Drivers/STM32F1xx_HAL_Driver/Src/stm32f1xx_hal_flash_ex.o
LOAD ./Drivers/STM32F1xx_HAL_Driver/Src/stm32f1xx_hal_gpio.o
LOAD ./Drivers/STM32F1xx_HAL_Driver/Src/stm32f1xx_hal_gpio_ex.o
LOAD ./Drivers/STM32F1xx_HAL_Driver/Src/stm32f1xx_hal_pwr.o
LOAD ./Drivers/STM32F1xx_HAL_Driver/Src/stm32f1xx_hal_rcc.o
LOAD ./Drivers/STM32F1xx_HAL_Driver/Src/stm32f1xx_hal_rcc_ex.o
LOAD ./Drivers/STM32F1xx_HAL_Driver/Src/stm32f1xx_hal_tim.o
LOAD ./Drivers/STM32F1xx_HAL_Driver/Src/stm32f1xx_hal_tim_ex.o
LOAD ./Drivers/STM32F1xx_HAL_Driver/Src/stm32f1xx_hal_uart.o
START GROUP
LOAD D:/software/ST/cubeide/STM32CubeIDE_1.15.1/STM32CubeIDE/plugins/com.st.stm32cube.ide.mcu.externaltools.gnu-tools-for-stm32.12.3.rel1.win32_1.0.100.202403111256/tools/bin/../lib/gcc/arm-none-eabi/12.3.1/../../../../arm-none-eabi/lib/thumb/v7-m/nofp\libc_nano.a
LOAD D:/software/ST/cubeide/STM32CubeIDE_1.15.1/STM32CubeIDE/plugins/com.st.stm32cube.ide.mcu.externaltools.gnu-tools-for-stm32.12.3.rel1.win32_1.0.100.202403111256/tools/bin/../lib/gcc/arm-none-eabi/12.3.1/../../../../arm-none-eabi/lib/thumb/v7-m/nofp\libm.a
END GROUP
START GROUP
LOAD D:/software/ST/cubeide/STM32CubeIDE_1.15.1/STM32CubeIDE/plugins/com.st.stm32cube.ide.mcu.externaltools.gnu-tools-for-stm32.12.3.rel1.win32_1.0.100.202403111256/tools/bin/../lib/gcc/arm-none-eabi/12.3.1/thumb/v7-m/nofp\libgcc.a
LOAD D:/software/ST/cubeide/STM32CubeIDE_1.15.1/STM32CubeIDE/plugins/com.st.stm32cube.ide.mcu.externaltools.gnu-tools-for-stm32.12.3.rel1.win32_1.0.100.202403111256/tools/bin/../lib/gcc/arm-none-eabi/12.3.1/../../../../arm-none-eabi/lib/thumb/v7-m/nofp\libc_nano.a
END GROUP
START GROUP
LOAD D:/software/ST/cubeide/STM32CubeIDE_1.15.1/STM32CubeIDE/plugins/com.st.stm32cube.ide.mcu.externaltools.gnu-tools-for-stm32.12.3.rel1.win32_1.0.100.202403111256/tools/bin/../lib/gcc/arm-none-eabi/12.3.1/thumb/v7-m/nofp\libgcc.a
LOAD D:/software/ST/cubeide/STM32CubeIDE_1.15.1/STM32CubeIDE/plugins/com.st.stm32cube.ide.mcu.externaltools.gnu-tools-for-stm32.12.3.rel1.win32_1.0.100.202403111256/tools/bin/../lib/gcc/arm-none-eabi/12.3.1/../../../../arm-none-eabi/lib/thumb/v7-m/nofp\libc_nano.a
LOAD D:/software/ST/cubeide/STM32CubeIDE_1.15.1/STM32CubeIDE/plugins/com.st.stm32cube.ide.mcu.externaltools.gnu-tools-for-stm32.12.3.rel1.win32_1.0.100.202403111256/tools/bin/../lib/gcc/arm-none-eabi/12.3.1/../../../../arm-none-eabi/lib/thumb/v7-m/nofp\libnosys.a
END GROUP
START GROUP
LOAD D:/software/ST/cubeide/STM32CubeIDE_1.15.1/STM32CubeIDE/plugins/com.st.stm32cube.ide.mcu.externaltools.gnu-tools-for-stm32.12.3.rel1.win32_1.0.100.202403111256/tools/bin/../lib/gcc/arm-none-eabi/12.3.1/thumb/v7-m/nofp\libgcc.a
LOAD D:/software/ST/cubeide/STM32CubeIDE_1.15.1/STM32CubeIDE/plugins/com.st.stm32cube.ide.mcu.externaltools.gnu-tools-for-stm32.12.3.rel1.win32_1.0.100.202403111256/tools/bin/../lib/gcc/arm-none-eabi/12.3.1/../../../../arm-none-eabi/lib/thumb/v7-m/nofp\libc_nano.a
LOAD D:/software/ST/cubeide/STM32CubeIDE_1.15.1/STM32CubeIDE/plugins/com.st.stm32cube.ide.mcu.externaltools.gnu-tools-for-stm32.12.3.rel1.win32_1.0.100.202403111256/tools/bin/../lib/gcc/arm-none-eabi/12.3.1/../../../../arm-none-eabi/lib/thumb/v7-m/nofp\libnosys.a
END GROUP
LOAD D:/software/ST/cubeide/STM32CubeIDE_1.15.1/STM32CubeIDE/plugins/com.st.stm32cube.ide.mcu.externaltools.gnu-tools-for-stm32.12.3.rel1.win32_1.0.100.202403111256/tools/bin/../lib/gcc/arm-none-eabi/12.3.1/thumb/v7-m/nofp/crtend.o
LOAD D:/software/ST/cubeide/STM32CubeIDE_1.15.1/STM32CubeIDE/plugins/com.st.stm32cube.ide.mcu.externaltools.gnu-tools-for-stm32.12.3.rel1.win32_1.0.100.202403111256/tools/bin/../lib/gcc/arm-none-eabi/12.3.1/thumb/v7-m/nofp/crtn.o
                0x20005000                        _estack = (ORIGIN (RAM) + LENGTH (RAM))
                0x00000200                        _Min_Heap_Size = 0x200
                0x00000400                        _Min_Stack_Size = 0x400

.isr_vector     0x08000000      0x10c
                0x08000000                        . = ALIGN (0x4)
 *(.isr_vector)
 .isr_vector    0x08000000      0x10c ./Core/Startup/startup_stm32f103c8tx.o
                0x08000000                g_pfnVectors
                0x0800010c                        . = ALIGN (0x4)

.text           0x08000110     0x22a4
                0x08000110                        . = ALIGN (0x4)
 *(.text)
 .text          0x08000110       0x40 D:/software/ST/cubeide/STM32CubeIDE_1.15.1/STM32CubeIDE/plugins/com.st.stm32cube.ide.mcu.externaltools.gnu-tools-for-stm32.12.3.rel1.win32_1.0.100.202403111256/tools/bin/../lib/gcc/arm-none-eabi/12.3.1/thumb/v7-m/nofp/crtbegin.o
 .text          0x08000150      0x254 D:/software/ST/cubeide/STM32CubeIDE_1.15.1/STM32CubeIDE/plugins/com.st.stm32cube.ide.mcu.externaltools.gnu-tools-for-stm32.12.3.rel1.win32_1.0.100.202403111256/tools/bin/../lib/gcc/arm-none-eabi/12.3.1/thumb/v7-m/nofp\libgcc.a(_arm_muldf3.o)
                0x08000150                __muldf3
                0x08000150                __aeabi_dmul
 .text          0x080003a4      0x378 D:/software/ST/cubeide/STM32CubeIDE_1.15.1/STM32CubeIDE/plugins/com.st.stm32cube.ide.mcu.externaltools.gnu-tools-for-stm32.12.3.rel1.win32_1.0.100.202403111256/tools/bin/../lib/gcc/arm-none-eabi/12.3.1/thumb/v7-m/nofp\libgcc.a(_arm_addsubdf3.o)
                0x080003a4                __aeabi_drsub
                0x080003ac                __aeabi_dsub
                0x080003ac                __subdf3
                0x080003b0                __aeabi_dadd
                0x080003b0                __adddf3
                0x08000628                __floatunsidf
                0x08000628                __aeabi_ui2d
                0x08000648                __floatsidf
                0x08000648                __aeabi_i2d
                0x0800066c                __aeabi_f2d
                0x0800066c                __extendsfdf2
                0x080006b0                __floatundidf
                0x080006b0                __aeabi_ul2d
                0x080006c0                __floatdidf
                0x080006c0                __aeabi_l2d
 .text          0x0800071c       0x40 D:/software/ST/cubeide/STM32CubeIDE_1.15.1/STM32CubeIDE/plugins/com.st.stm32cube.ide.mcu.externaltools.gnu-tools-for-stm32.12.3.rel1.win32_1.0.100.202403111256/tools/bin/../lib/gcc/arm-none-eabi/12.3.1/thumb/v7-m/nofp\libgcc.a(_arm_fixunsdfsi.o)
                0x0800071c                __aeabi_d2uiz
                0x0800071c                __fixunsdfsi
 *(.text*)
 .text.WriteData_AD9959
                0x0800075c      0x124 ./Core/Src/MY_SPI.o
                0x0800075c                WriteData_AD9959
 .text.uart_receive
                0x08000880       0x24 ./Core/Src/TJC.o
                0x08000880                uart_receive
 .text.delay1   0x080008a4       0x2c ./Core/Src/ad9959.o
                0x080008a4                delay1
 .text.update   0x080008d0       0x3c ./Core/Src/ad9959.o
                0x080008d0                update
 .text.IO_Init  0x0800090c       0x90 ./Core/Src/ad9959.o
                0x0800090c                IO_Init
 .text.Reset    0x0800099c       0x3c ./Core/Src/ad9959.o
                0x0800099c                Reset
 .text.Write_frequence
                0x080009d8       0xdc ./Core/Src/ad9959.o
                0x080009d8                Write_frequence
 .text.Write_Phase
                0x08000ab4       0xd4 ./Core/Src/ad9959.o
                0x08000ab4                Write_Phase
 .text.Write_Amplitude
                0x08000b88       0xe4 ./Core/Src/ad9959.o
                0x08000b88                Write_Amplitude
 .text.ad9959_init
                0x08000c6c       0xb8 ./Core/Src/ad9959.o
                0x08000c6c                ad9959_init
 .text.MX_GPIO_Init
                0x08000d24      0x17c ./Core/Src/gpio.o
                0x08000d24                MX_GPIO_Init
 .text.main     0x08000ea0       0x28 ./Core/Src/main.o
                0x08000ea0                main
 .text.SystemClock_Config
                0x08000ec8       0x8a ./Core/Src/main.o
                0x08000ec8                SystemClock_Config
 .text.Error_Handler
                0x08000f52        0xc ./Core/Src/main.o
                0x08000f52                Error_Handler
 *fill*         0x08000f5e        0x2 
 .text.HAL_MspInit
                0x08000f60       0x64 ./Core/Src/stm32f1xx_hal_msp.o
                0x08000f60                HAL_MspInit
 .text.NMI_Handler
                0x08000fc4        0x8 ./Core/Src/stm32f1xx_it.o
                0x08000fc4                NMI_Handler
 .text.HardFault_Handler
                0x08000fcc        0x8 ./Core/Src/stm32f1xx_it.o
                0x08000fcc                HardFault_Handler
 .text.MemManage_Handler
                0x08000fd4        0x8 ./Core/Src/stm32f1xx_it.o
                0x08000fd4                MemManage_Handler
 .text.BusFault_Handler
                0x08000fdc        0x8 ./Core/Src/stm32f1xx_it.o
                0x08000fdc                BusFault_Handler
 .text.UsageFault_Handler
                0x08000fe4        0x8 ./Core/Src/stm32f1xx_it.o
                0x08000fe4                UsageFault_Handler
 .text.SVC_Handler
                0x08000fec        0xc ./Core/Src/stm32f1xx_it.o
                0x08000fec                SVC_Handler
 .text.DebugMon_Handler
                0x08000ff8        0xc ./Core/Src/stm32f1xx_it.o
                0x08000ff8                DebugMon_Handler
 .text.PendSV_Handler
                0x08001004        0xc ./Core/Src/stm32f1xx_it.o
                0x08001004                PendSV_Handler
 .text.SysTick_Handler
                0x08001010        0xc ./Core/Src/stm32f1xx_it.o
                0x08001010                SysTick_Handler
 .text.SystemInit
                0x0800101c        0xc ./Core/Src/system_stm32f1xx.o
                0x0800101c                SystemInit
 .text.MX_USART2_UART_Init
                0x08001028       0x54 ./Core/Src/usart.o
                0x08001028                MX_USART2_UART_Init
 .text.HAL_UART_MspInit
                0x0800107c       0x94 ./Core/Src/usart.o
                0x0800107c                HAL_UART_MspInit
 .text.Reset_Handler
                0x08001110       0x48 ./Core/Startup/startup_stm32f103c8tx.o
                0x08001110                Reset_Handler
 .text.Default_Handler
                0x08001158        0x2 ./Core/Startup/startup_stm32f103c8tx.o
                0x08001158                RTC_Alarm_IRQHandler
                0x08001158                EXTI2_IRQHandler
                0x08001158                TIM1_CC_IRQHandler
                0x08001158                PVD_IRQHandler
                0x08001158                EXTI3_IRQHandler
                0x08001158                EXTI0_IRQHandler
                0x08001158                I2C2_EV_IRQHandler
                0x08001158                ADC1_2_IRQHandler
                0x08001158                SPI1_IRQHandler
                0x08001158                TAMPER_IRQHandler
                0x08001158                DMA1_Channel4_IRQHandler
                0x08001158                USART3_IRQHandler
                0x08001158                RTC_IRQHandler
                0x08001158                DMA1_Channel7_IRQHandler
                0x08001158                CAN1_RX1_IRQHandler
                0x08001158                TIM4_IRQHandler
                0x08001158                I2C1_EV_IRQHandler
                0x08001158                DMA1_Channel6_IRQHandler
                0x08001158                TIM3_IRQHandler
                0x08001158                RCC_IRQHandler
                0x08001158                TIM1_TRG_COM_IRQHandler
                0x08001158                DMA1_Channel1_IRQHandler
                0x08001158                Default_Handler
                0x08001158                EXTI15_10_IRQHandler
                0x08001158                EXTI9_5_IRQHandler
                0x08001158                SPI2_IRQHandler
                0x08001158                DMA1_Channel5_IRQHandler
                0x08001158                EXTI4_IRQHandler
                0x08001158                USB_LP_CAN1_RX0_IRQHandler
                0x08001158                USB_HP_CAN1_TX_IRQHandler
                0x08001158                DMA1_Channel3_IRQHandler
                0x08001158                TIM1_UP_IRQHandler
                0x08001158                WWDG_IRQHandler
                0x08001158                TIM2_IRQHandler
                0x08001158                TIM1_BRK_IRQHandler
                0x08001158                EXTI1_IRQHandler
                0x08001158                USART2_IRQHandler
                0x08001158                I2C2_ER_IRQHandler
                0x08001158                DMA1_Channel2_IRQHandler
                0x08001158                CAN1_SCE_IRQHandler
                0x08001158                FLASH_IRQHandler
                0x08001158                USART1_IRQHandler
                0x08001158                I2C1_ER_IRQHandler
                0x08001158                USBWakeUp_IRQHandler
 *fill*         0x0800115a        0x2 
 .text.HAL_Init
                0x0800115c       0x2c ./Drivers/STM32F1xx_HAL_Driver/Src/stm32f1xx_hal.o
                0x0800115c                HAL_Init
 .text.HAL_InitTick
                0x08001188       0x60 ./Drivers/STM32F1xx_HAL_Driver/Src/stm32f1xx_hal.o
                0x08001188                HAL_InitTick
 .text.HAL_IncTick
                0x080011e8       0x24 ./Drivers/STM32F1xx_HAL_Driver/Src/stm32f1xx_hal.o
                0x080011e8                HAL_IncTick
 .text.HAL_GetTick
                0x0800120c       0x14 ./Drivers/STM32F1xx_HAL_Driver/Src/stm32f1xx_hal.o
                0x0800120c                HAL_GetTick
 .text.HAL_Delay
                0x08001220       0x48 ./Drivers/STM32F1xx_HAL_Driver/Src/stm32f1xx_hal.o
                0x08001220                HAL_Delay
 .text.__NVIC_SetPriorityGrouping
                0x08001268       0x48 ./Drivers/STM32F1xx_HAL_Driver/Src/stm32f1xx_hal_cortex.o
 .text.__NVIC_GetPriorityGrouping
                0x080012b0       0x1c ./Drivers/STM32F1xx_HAL_Driver/Src/stm32f1xx_hal_cortex.o
 .text.__NVIC_SetPriority
                0x080012cc       0x54 ./Drivers/STM32F1xx_HAL_Driver/Src/stm32f1xx_hal_cortex.o
 .text.NVIC_EncodePriority
                0x08001320       0x64 ./Drivers/STM32F1xx_HAL_Driver/Src/stm32f1xx_hal_cortex.o
 .text.SysTick_Config
                0x08001384       0x44 ./Drivers/STM32F1xx_HAL_Driver/Src/stm32f1xx_hal_cortex.o
 .text.HAL_NVIC_SetPriorityGrouping
                0x080013c8       0x16 ./Drivers/STM32F1xx_HAL_Driver/Src/stm32f1xx_hal_cortex.o
                0x080013c8                HAL_NVIC_SetPriorityGrouping
 .text.HAL_NVIC_SetPriority
                0x080013de       0x38 ./Drivers/STM32F1xx_HAL_Driver/Src/stm32f1xx_hal_cortex.o
                0x080013de                HAL_NVIC_SetPriority
 .text.HAL_SYSTICK_Config
                0x08001416       0x18 ./Drivers/STM32F1xx_HAL_Driver/Src/stm32f1xx_hal_cortex.o
                0x08001416                HAL_SYSTICK_Config
 *fill*         0x0800142e        0x2 
 .text.HAL_GPIO_Init
                0x08001430      0x308 ./Drivers/STM32F1xx_HAL_Driver/Src/stm32f1xx_hal_gpio.o
                0x08001430                HAL_GPIO_Init
 .text.HAL_GPIO_WritePin
                0x08001738       0x30 ./Drivers/STM32F1xx_HAL_Driver/Src/stm32f1xx_hal_gpio.o
                0x08001738                HAL_GPIO_WritePin
 .text.HAL_RCC_OscConfig
                0x08001768      0x504 ./Drivers/STM32F1xx_HAL_Driver/Src/stm32f1xx_hal_rcc.o
                0x08001768                HAL_RCC_OscConfig
 .text.HAL_RCC_ClockConfig
                0x08001c6c      0x1d4 ./Drivers/STM32F1xx_HAL_Driver/Src/stm32f1xx_hal_rcc.o
                0x08001c6c                HAL_RCC_ClockConfig
 .text.HAL_RCC_GetSysClockFreq
                0x08001e40       0xa8 ./Drivers/STM32F1xx_HAL_Driver/Src/stm32f1xx_hal_rcc.o
                0x08001e40                HAL_RCC_GetSysClockFreq
 .text.HAL_RCC_GetHCLKFreq
                0x08001ee8       0x14 ./Drivers/STM32F1xx_HAL_Driver/Src/stm32f1xx_hal_rcc.o
                0x08001ee8                HAL_RCC_GetHCLKFreq
 .text.HAL_RCC_GetPCLK1Freq
                0x08001efc       0x28 ./Drivers/STM32F1xx_HAL_Driver/Src/stm32f1xx_hal_rcc.o
                0x08001efc                HAL_RCC_GetPCLK1Freq
 .text.HAL_RCC_GetPCLK2Freq
                0x08001f24       0x28 ./Drivers/STM32F1xx_HAL_Driver/Src/stm32f1xx_hal_rcc.o
                0x08001f24                HAL_RCC_GetPCLK2Freq
 .text.RCC_Delay
                0x08001f4c       0x3c ./Drivers/STM32F1xx_HAL_Driver/Src/stm32f1xx_hal_rcc.o
 .text.HAL_UART_Init
                0x08001f88       0xa0 ./Drivers/STM32F1xx_HAL_Driver/Src/stm32f1xx_hal_uart.o
                0x08001f88                HAL_UART_Init
 .text.HAL_UART_Receive
                0x08002028      0x124 ./Drivers/STM32F1xx_HAL_Driver/Src/stm32f1xx_hal_uart.o
                0x08002028                HAL_UART_Receive
 .text.UART_WaitOnFlagUntilTimeout
                0x0800214c       0xdc ./Drivers/STM32F1xx_HAL_Driver/Src/stm32f1xx_hal_uart.o
 .text.UART_SetConfig
                0x08002228      0x11c ./Drivers/STM32F1xx_HAL_Driver/Src/stm32f1xx_hal_uart.o
 .text.memset   0x08002344       0x10 D:/software/ST/cubeide/STM32CubeIDE_1.15.1/STM32CubeIDE/plugins/com.st.stm32cube.ide.mcu.externaltools.gnu-tools-for-stm32.12.3.rel1.win32_1.0.100.202403111256/tools/bin/../lib/gcc/arm-none-eabi/12.3.1/../../../../arm-none-eabi/lib/thumb/v7-m/nofp\libc_nano.a(libc_a-memset.o)
                0x08002344                memset
 .text.__libc_init_array
                0x08002354       0x48 D:/software/ST/cubeide/STM32CubeIDE_1.15.1/STM32CubeIDE/plugins/com.st.stm32cube.ide.mcu.externaltools.gnu-tools-for-stm32.12.3.rel1.win32_1.0.100.202403111256/tools/bin/../lib/gcc/arm-none-eabi/12.3.1/../../../../arm-none-eabi/lib/thumb/v7-m/nofp\libc_nano.a(libc_a-init.o)
                0x08002354                __libc_init_array
 *(.glue_7)
 .glue_7        0x0800239c        0x0 linker stubs
 *(.glue_7t)
 .glue_7t       0x0800239c        0x0 linker stubs
 *(.eh_frame)
 .eh_frame      0x0800239c        0x0 D:/software/ST/cubeide/STM32CubeIDE_1.15.1/STM32CubeIDE/plugins/com.st.stm32cube.ide.mcu.externaltools.gnu-tools-for-stm32.12.3.rel1.win32_1.0.100.202403111256/tools/bin/../lib/gcc/arm-none-eabi/12.3.1/thumb/v7-m/nofp/crtbegin.o
 *(.init)
 .init          0x0800239c        0x4 D:/software/ST/cubeide/STM32CubeIDE_1.15.1/STM32CubeIDE/plugins/com.st.stm32cube.ide.mcu.externaltools.gnu-tools-for-stm32.12.3.rel1.win32_1.0.100.202403111256/tools/bin/../lib/gcc/arm-none-eabi/12.3.1/thumb/v7-m/nofp/crti.o
                0x0800239c                _init
 .init          0x080023a0        0x8 D:/software/ST/cubeide/STM32CubeIDE_1.15.1/STM32CubeIDE/plugins/com.st.stm32cube.ide.mcu.externaltools.gnu-tools-for-stm32.12.3.rel1.win32_1.0.100.202403111256/tools/bin/../lib/gcc/arm-none-eabi/12.3.1/thumb/v7-m/nofp/crtn.o
 *(.fini)
 .fini          0x080023a8        0x4 D:/software/ST/cubeide/STM32CubeIDE_1.15.1/STM32CubeIDE/plugins/com.st.stm32cube.ide.mcu.externaltools.gnu-tools-for-stm32.12.3.rel1.win32_1.0.100.202403111256/tools/bin/../lib/gcc/arm-none-eabi/12.3.1/thumb/v7-m/nofp/crti.o
                0x080023a8                _fini
 .fini          0x080023ac        0x8 D:/software/ST/cubeide/STM32CubeIDE_1.15.1/STM32CubeIDE/plugins/com.st.stm32cube.ide.mcu.externaltools.gnu-tools-for-stm32.12.3.rel1.win32_1.0.100.202403111256/tools/bin/../lib/gcc/arm-none-eabi/12.3.1/thumb/v7-m/nofp/crtn.o
                0x080023b4                        . = ALIGN (0x4)
                0x080023b4                        _etext = .

.vfp11_veneer   0x080023b4        0x0
 .vfp11_veneer  0x080023b4        0x0 linker stubs

.v4_bx          0x080023b4        0x0
 .v4_bx         0x080023b4        0x0 linker stubs

.iplt           0x080023b4        0x0
 .iplt          0x080023b4        0x0 D:/software/ST/cubeide/STM32CubeIDE_1.15.1/STM32CubeIDE/plugins/com.st.stm32cube.ide.mcu.externaltools.gnu-tools-for-stm32.12.3.rel1.win32_1.0.100.202403111256/tools/bin/../lib/gcc/arm-none-eabi/12.3.1/thumb/v7-m/nofp/crtbegin.o

.rodata         0x080023b4       0x2c
                0x080023b4                        . = ALIGN (0x4)
 *(.rodata)
 *(.rodata*)
 .rodata.AHBPrescTable
                0x080023b4       0x10 ./Core/Src/system_stm32f1xx.o
                0x080023b4                AHBPrescTable
 .rodata.APBPrescTable
                0x080023c4        0x8 ./Core/Src/system_stm32f1xx.o
                0x080023c4                APBPrescTable
 .rodata.aPLLMULFactorTable.1
                0x080023cc       0x10 ./Drivers/STM32F1xx_HAL_Driver/Src/stm32f1xx_hal_rcc.o
 .rodata.aPredivFactorTable.0
                0x080023dc        0x2 ./Drivers/STM32F1xx_HAL_Driver/Src/stm32f1xx_hal_rcc.o
                0x080023e0                        . = ALIGN (0x4)
 *fill*         0x080023de        0x2 

.ARM.extab      0x080023e0        0x0
                0x080023e0                        . = ALIGN (0x4)
 *(.ARM.extab* .gnu.linkonce.armextab.*)
                0x080023e0                        . = ALIGN (0x4)

.ARM            0x080023e0        0x0
                0x080023e0                        . = ALIGN (0x4)
                0x080023e0                        __exidx_start = .
 *(.ARM.exidx*)
                0x080023e0                        __exidx_end = .
                0x080023e0                        . = ALIGN (0x4)

.preinit_array  0x080023e0        0x0
                0x080023e0                        . = ALIGN (0x4)
                0x080023e0                        PROVIDE (__preinit_array_start = .)
 *(.preinit_array*)
                0x080023e0                        PROVIDE (__preinit_array_end = .)
                0x080023e0                        . = ALIGN (0x4)

.init_array     0x080023e0        0x4
                0x080023e0                        . = ALIGN (0x4)
                0x080023e0                        PROVIDE (__init_array_start = .)
 *(SORT_BY_NAME(.init_array.*))
 *(.init_array*)
 .init_array    0x080023e0        0x4 D:/software/ST/cubeide/STM32CubeIDE_1.15.1/STM32CubeIDE/plugins/com.st.stm32cube.ide.mcu.externaltools.gnu-tools-for-stm32.12.3.rel1.win32_1.0.100.202403111256/tools/bin/../lib/gcc/arm-none-eabi/12.3.1/thumb/v7-m/nofp/crtbegin.o
                0x080023e4                        PROVIDE (__init_array_end = .)
                0x080023e4                        . = ALIGN (0x4)

.fini_array     0x080023e4        0x4
                0x080023e4                        . = ALIGN (0x4)
                [!provide]                        PROVIDE (__fini_array_start = .)
 *(SORT_BY_NAME(.fini_array.*))
 *(.fini_array*)
 .fini_array    0x080023e4        0x4 D:/software/ST/cubeide/STM32CubeIDE_1.15.1/STM32CubeIDE/plugins/com.st.stm32cube.ide.mcu.externaltools.gnu-tools-for-stm32.12.3.rel1.win32_1.0.100.202403111256/tools/bin/../lib/gcc/arm-none-eabi/12.3.1/thumb/v7-m/nofp/crtbegin.o
                [!provide]                        PROVIDE (__fini_array_end = .)
                0x080023e8                        . = ALIGN (0x4)
                0x080023e8                        _sidata = LOADADDR (.data)

.rel.dyn        0x080023e8        0x0
 .rel.iplt      0x080023e8        0x0 D:/software/ST/cubeide/STM32CubeIDE_1.15.1/STM32CubeIDE/plugins/com.st.stm32cube.ide.mcu.externaltools.gnu-tools-for-stm32.12.3.rel1.win32_1.0.100.202403111256/tools/bin/../lib/gcc/arm-none-eabi/12.3.1/thumb/v7-m/nofp/crtbegin.o

.data           0x20000000       0x24 load address 0x080023e8
                0x20000000                        . = ALIGN (0x4)
                0x20000000                        _sdata = .
 *(.data)
 *(.data*)
 .data.ch0      0x20000000        0x1 ./Core/Src/ad9959.o
                0x20000000                ch0
 *fill*         0x20000001        0x3 
 .data.ch1      0x20000004        0x1 ./Core/Src/ad9959.o
                0x20000004                ch1
 *fill*         0x20000005        0x3 
 .data.ch2      0x20000008        0x1 ./Core/Src/ad9959.o
                0x20000008                ch2
 *fill*         0x20000009        0x3 
 .data.ch3      0x2000000c        0x1 ./Core/Src/ad9959.o
                0x2000000c                ch3
 *fill*         0x2000000d        0x3 
 .data.FR1_data
                0x20000010        0x3 ./Core/Src/ad9959.o
                0x20000010                FR1_data
 *fill*         0x20000013        0x1 
 .data.FR2_data
                0x20000014        0x2 ./Core/Src/ad9959.o
                0x20000014                FR2_data
 *fill*         0x20000016        0x2 
 .data.SystemCoreClock
                0x20000018        0x4 ./Core/Src/system_stm32f1xx.o
                0x20000018                SystemCoreClock
 .data.uwTickPrio
                0x2000001c        0x4 ./Drivers/STM32F1xx_HAL_Driver/Src/stm32f1xx_hal.o
                0x2000001c                uwTickPrio
 .data.uwTickFreq
                0x20000020        0x1 ./Drivers/STM32F1xx_HAL_Driver/Src/stm32f1xx_hal.o
                0x20000020                uwTickFreq
 *(.RamFunc)
 *(.RamFunc*)
                0x20000024                        . = ALIGN (0x4)
 *fill*         0x20000021        0x3 
                0x20000024                        _edata = .

.igot.plt       0x20000024        0x0 load address 0x0800240c
 .igot.plt      0x20000024        0x0 D:/software/ST/cubeide/STM32CubeIDE_1.15.1/STM32CubeIDE/plugins/com.st.stm32cube.ide.mcu.externaltools.gnu-tools-for-stm32.12.3.rel1.win32_1.0.100.202403111256/tools/bin/../lib/gcc/arm-none-eabi/12.3.1/thumb/v7-m/nofp/crtbegin.o
                0x20000024                        . = ALIGN (0x4)

.bss            0x20000024       0xa8 load address 0x0800240c
                0x20000024                        _sbss = .
                0x20000024                        __bss_start__ = _sbss
 *(.bss)
 .bss           0x20000024       0x1c D:/software/ST/cubeide/STM32CubeIDE_1.15.1/STM32CubeIDE/plugins/com.st.stm32cube.ide.mcu.externaltools.gnu-tools-for-stm32.12.3.rel1.win32_1.0.100.202403111256/tools/bin/../lib/gcc/arm-none-eabi/12.3.1/thumb/v7-m/nofp/crtbegin.o
 *(.bss*)
 .bss.page      0x20000040       0x32 ./Core/Src/TJC.o
                0x20000040                page
 *fill*         0x20000072        0x2 
 .bss.CFTWO_data
                0x20000074        0x4 ./Core/Src/ad9959.o
                0x20000074                CFTWO_data
 .bss.CPOWO_data
                0x20000078        0x2 ./Core/Src/ad9959.o
                0x20000078                CPOWO_data
 *fill*         0x2000007a        0x2 
 .bss.ACR_data  0x2000007c        0x3 ./Core/Src/ad9959.o
                0x2000007c                ACR_data
 *fill*         0x2000007f        0x1 
 .bss.huart2    0x20000080       0x48 ./Core/Src/usart.o
                0x20000080                huart2
 .bss.uwTick    0x200000c8        0x4 ./Drivers/STM32F1xx_HAL_Driver/Src/stm32f1xx_hal.o
                0x200000c8                uwTick
 *(COMMON)
                0x200000cc                        . = ALIGN (0x4)
                0x200000cc                        _ebss = .
                0x200000cc                        __bss_end__ = _ebss

._user_heap_stack
                0x200000cc      0x604 load address 0x0800240c
                0x200000d0                        . = ALIGN (0x8)
 *fill*         0x200000cc        0x4 
                [!provide]                        PROVIDE (end = .)
                0x200000d0                        PROVIDE (_end = .)
                0x200002d0                        . = (. + _Min_Heap_Size)
 *fill*         0x200000d0      0x200 
                0x200006d0                        . = (. + _Min_Stack_Size)
 *fill*         0x200002d0      0x400 
                0x200006d0                        . = ALIGN (0x8)

/DISCARD/
 libc.a(*)
 libm.a(*)
 libgcc.a(*)

.ARM.attributes
                0x00000000       0x29
 *(.ARM.attributes)
 .ARM.attributes
                0x00000000       0x1d D:/software/ST/cubeide/STM32CubeIDE_1.15.1/STM32CubeIDE/plugins/com.st.stm32cube.ide.mcu.externaltools.gnu-tools-for-stm32.12.3.rel1.win32_1.0.100.202403111256/tools/bin/../lib/gcc/arm-none-eabi/12.3.1/thumb/v7-m/nofp/crti.o
 .ARM.attributes
                0x0000001d       0x2d D:/software/ST/cubeide/STM32CubeIDE_1.15.1/STM32CubeIDE/plugins/com.st.stm32cube.ide.mcu.externaltools.gnu-tools-for-stm32.12.3.rel1.win32_1.0.100.202403111256/tools/bin/../lib/gcc/arm-none-eabi/12.3.1/thumb/v7-m/nofp/crtbegin.o
 .ARM.attributes
                0x0000004a       0x2d ./Core/Src/MY_SPI.o
 .ARM.attributes
                0x00000077       0x2d ./Core/Src/TJC.o
 .ARM.attributes
                0x000000a4       0x2d ./Core/Src/ad9959.o
 .ARM.attributes
                0x000000d1       0x2d ./Core/Src/gpio.o
 .ARM.attributes
                0x000000fe       0x2d ./Core/Src/main.o
 .ARM.attributes
                0x0000012b       0x2d ./Core/Src/stm32f1xx_hal_msp.o
 .ARM.attributes
                0x00000158       0x2d ./Core/Src/stm32f1xx_it.o
 .ARM.attributes
                0x00000185       0x2d ./Core/Src/system_stm32f1xx.o
 .ARM.attributes
                0x000001b2       0x2d ./Core/Src/usart.o
 .ARM.attributes
                0x000001df       0x21 ./Core/Startup/startup_stm32f103c8tx.o
 .ARM.attributes
                0x00000200       0x2d ./Drivers/STM32F1xx_HAL_Driver/Src/stm32f1xx_hal.o
 .ARM.attributes
                0x0000022d       0x2d ./Drivers/STM32F1xx_HAL_Driver/Src/stm32f1xx_hal_cortex.o
 .ARM.attributes
                0x0000025a       0x2d ./Drivers/STM32F1xx_HAL_Driver/Src/stm32f1xx_hal_gpio.o
 .ARM.attributes
                0x00000287       0x2d ./Drivers/STM32F1xx_HAL_Driver/Src/stm32f1xx_hal_rcc.o
 .ARM.attributes
                0x000002b4       0x2d ./Drivers/STM32F1xx_HAL_Driver/Src/stm32f1xx_hal_uart.o
 .ARM.attributes
                0x000002e1       0x2d D:/software/ST/cubeide/STM32CubeIDE_1.15.1/STM32CubeIDE/plugins/com.st.stm32cube.ide.mcu.externaltools.gnu-tools-for-stm32.12.3.rel1.win32_1.0.100.202403111256/tools/bin/../lib/gcc/arm-none-eabi/12.3.1/../../../../arm-none-eabi/lib/thumb/v7-m/nofp\libc_nano.a(libc_a-memset.o)
 .ARM.attributes
                0x0000030e       0x2d D:/software/ST/cubeide/STM32CubeIDE_1.15.1/STM32CubeIDE/plugins/com.st.stm32cube.ide.mcu.externaltools.gnu-tools-for-stm32.12.3.rel1.win32_1.0.100.202403111256/tools/bin/../lib/gcc/arm-none-eabi/12.3.1/../../../../arm-none-eabi/lib/thumb/v7-m/nofp\libc_nano.a(libc_a-init.o)
 .ARM.attributes
                0x0000033b       0x1d D:/software/ST/cubeide/STM32CubeIDE_1.15.1/STM32CubeIDE/plugins/com.st.stm32cube.ide.mcu.externaltools.gnu-tools-for-stm32.12.3.rel1.win32_1.0.100.202403111256/tools/bin/../lib/gcc/arm-none-eabi/12.3.1/thumb/v7-m/nofp\libgcc.a(_arm_muldf3.o)
 .ARM.attributes
                0x00000358       0x1d D:/software/ST/cubeide/STM32CubeIDE_1.15.1/STM32CubeIDE/plugins/com.st.stm32cube.ide.mcu.externaltools.gnu-tools-for-stm32.12.3.rel1.win32_1.0.100.202403111256/tools/bin/../lib/gcc/arm-none-eabi/12.3.1/thumb/v7-m/nofp\libgcc.a(_arm_addsubdf3.o)
 .ARM.attributes
                0x00000375       0x1d D:/software/ST/cubeide/STM32CubeIDE_1.15.1/STM32CubeIDE/plugins/com.st.stm32cube.ide.mcu.externaltools.gnu-tools-for-stm32.12.3.rel1.win32_1.0.100.202403111256/tools/bin/../lib/gcc/arm-none-eabi/12.3.1/thumb/v7-m/nofp\libgcc.a(_arm_fixunsdfsi.o)
 .ARM.attributes
                0x00000392       0x1d D:/software/ST/cubeide/STM32CubeIDE_1.15.1/STM32CubeIDE/plugins/com.st.stm32cube.ide.mcu.externaltools.gnu-tools-for-stm32.12.3.rel1.win32_1.0.100.202403111256/tools/bin/../lib/gcc/arm-none-eabi/12.3.1/thumb/v7-m/nofp/crtn.o
OUTPUT(ad9959.elf elf32-littlearm)
LOAD linker stubs
LOAD D:/software/ST/cubeide/STM32CubeIDE_1.15.1/STM32CubeIDE/plugins/com.st.stm32cube.ide.mcu.externaltools.gnu-tools-for-stm32.12.3.rel1.win32_1.0.100.202403111256/tools/bin/../lib/gcc/arm-none-eabi/12.3.1/../../../../arm-none-eabi/lib/thumb/v7-m/nofp\libc.a
LOAD D:/software/ST/cubeide/STM32CubeIDE_1.15.1/STM32CubeIDE/plugins/com.st.stm32cube.ide.mcu.externaltools.gnu-tools-for-stm32.12.3.rel1.win32_1.0.100.202403111256/tools/bin/../lib/gcc/arm-none-eabi/12.3.1/../../../../arm-none-eabi/lib/thumb/v7-m/nofp\libm.a
LOAD D:/software/ST/cubeide/STM32CubeIDE_1.15.1/STM32CubeIDE/plugins/com.st.stm32cube.ide.mcu.externaltools.gnu-tools-for-stm32.12.3.rel1.win32_1.0.100.202403111256/tools/bin/../lib/gcc/arm-none-eabi/12.3.1/thumb/v7-m/nofp\libgcc.a

.debug_info     0x00000000     0x723a
 .debug_info    0x00000000      0x207 ./Core/Src/MY_SPI.o
 .debug_info    0x00000207      0x5f3 ./Core/Src/TJC.o
 .debug_info    0x000007fa      0x45b ./Core/Src/ad9959.o
 .debug_info    0x00000c55      0x2d3 ./Core/Src/gpio.o
 .debug_info    0x00000f28      0x771 ./Core/Src/main.o
 .debug_info    0x00001699      0x1f1 ./Core/Src/stm32f1xx_hal_msp.o
 .debug_info    0x0000188a      0x113 ./Core/Src/stm32f1xx_it.o
 .debug_info    0x0000199d      0x222 ./Core/Src/system_stm32f1xx.o
 .debug_info    0x00001bbf      0x798 ./Core/Src/usart.o
 .debug_info    0x00002357       0x30 ./Core/Startup/startup_stm32f103c8tx.o
 .debug_info    0x00002387      0x704 ./Drivers/STM32F1xx_HAL_Driver/Src/stm32f1xx_hal.o
 .debug_info    0x00002a8b      0xa87 ./Drivers/STM32F1xx_HAL_Driver/Src/stm32f1xx_hal_cortex.o
 .debug_info    0x00003512      0x5ab ./Drivers/STM32F1xx_HAL_Driver/Src/stm32f1xx_hal_gpio.o
 .debug_info    0x00003abd      0x7d5 ./Drivers/STM32F1xx_HAL_Driver/Src/stm32f1xx_hal_rcc.o
 .debug_info    0x00004292     0x2fa8 ./Drivers/STM32F1xx_HAL_Driver/Src/stm32f1xx_hal_uart.o

.debug_abbrev   0x00000000     0x18b8
 .debug_abbrev  0x00000000      0x130 ./Core/Src/MY_SPI.o
 .debug_abbrev  0x00000130      0x199 ./Core/Src/TJC.o
 .debug_abbrev  0x000002c9      0x1a4 ./Core/Src/ad9959.o
 .debug_abbrev  0x0000046d      0x13f ./Core/Src/gpio.o
 .debug_abbrev  0x000005ac      0x207 ./Core/Src/main.o
 .debug_abbrev  0x000007b3       0xdb ./Core/Src/stm32f1xx_hal_msp.o
 .debug_abbrev  0x0000088e       0x73 ./Core/Src/stm32f1xx_it.o
 .debug_abbrev  0x00000901      0x13f ./Core/Src/system_stm32f1xx.o
 .debug_abbrev  0x00000a40      0x1e6 ./Core/Src/usart.o
 .debug_abbrev  0x00000c26       0x24 ./Core/Startup/startup_stm32f103c8tx.o
 .debug_abbrev  0x00000c4a      0x201 ./Drivers/STM32F1xx_HAL_Driver/Src/stm32f1xx_hal.o
 .debug_abbrev  0x00000e4b      0x2f8 ./Drivers/STM32F1xx_HAL_Driver/Src/stm32f1xx_hal_cortex.o
 .debug_abbrev  0x00001143      0x1ca ./Drivers/STM32F1xx_HAL_Driver/Src/stm32f1xx_hal_gpio.o
 .debug_abbrev  0x0000130d      0x2b3 ./Drivers/STM32F1xx_HAL_Driver/Src/stm32f1xx_hal_rcc.o
 .debug_abbrev  0x000015c0      0x2f8 ./Drivers/STM32F1xx_HAL_Driver/Src/stm32f1xx_hal_uart.o

.debug_aranges  0x00000000      0x6c0
 .debug_aranges
                0x00000000       0x20 ./Core/Src/MY_SPI.o
 .debug_aranges
                0x00000020       0x28 ./Core/Src/TJC.o
 .debug_aranges
                0x00000048       0x58 ./Core/Src/ad9959.o
 .debug_aranges
                0x000000a0       0x20 ./Core/Src/gpio.o
 .debug_aranges
                0x000000c0       0x30 ./Core/Src/main.o
 .debug_aranges
                0x000000f0       0x20 ./Core/Src/stm32f1xx_hal_msp.o
 .debug_aranges
                0x00000110       0x60 ./Core/Src/stm32f1xx_it.o
 .debug_aranges
                0x00000170       0x28 ./Core/Src/system_stm32f1xx.o
 .debug_aranges
                0x00000198       0x30 ./Core/Src/usart.o
 .debug_aranges
                0x000001c8       0x28 ./Core/Startup/startup_stm32f103c8tx.o
 .debug_aranges
                0x000001f0       0xe0 ./Drivers/STM32F1xx_HAL_Driver/Src/stm32f1xx_hal.o
 .debug_aranges
                0x000002d0      0x100 ./Drivers/STM32F1xx_HAL_Driver/Src/stm32f1xx_hal_cortex.o
 .debug_aranges
                0x000003d0       0x58 ./Drivers/STM32F1xx_HAL_Driver/Src/stm32f1xx_hal_gpio.o
 .debug_aranges
                0x00000428       0x90 ./Drivers/STM32F1xx_HAL_Driver/Src/stm32f1xx_hal_rcc.o
 .debug_aranges
                0x000004b8      0x208 ./Drivers/STM32F1xx_HAL_Driver/Src/stm32f1xx_hal_uart.o

.debug_rnglists
                0x00000000      0x511
 .debug_rnglists
                0x00000000       0x14 ./Core/Src/MY_SPI.o
 .debug_rnglists
                0x00000014       0x19 ./Core/Src/TJC.o
 .debug_rnglists
                0x0000002d       0x42 ./Core/Src/ad9959.o
 .debug_rnglists
                0x0000006f       0x14 ./Core/Src/gpio.o
 .debug_rnglists
                0x00000083       0x20 ./Core/Src/main.o
 .debug_rnglists
                0x000000a3       0x13 ./Core/Src/stm32f1xx_hal_msp.o
 .debug_rnglists
                0x000000b6       0x43 ./Core/Src/stm32f1xx_it.o
 .debug_rnglists
                0x000000f9       0x1a ./Core/Src/system_stm32f1xx.o
 .debug_rnglists
                0x00000113       0x20 ./Core/Src/usart.o
 .debug_rnglists
                0x00000133       0x19 ./Core/Startup/startup_stm32f103c8tx.o
 .debug_rnglists
                0x0000014c       0xa3 ./Drivers/STM32F1xx_HAL_Driver/Src/stm32f1xx_hal.o
 .debug_rnglists
                0x000001ef       0xbb ./Drivers/STM32F1xx_HAL_Driver/Src/stm32f1xx_hal_cortex.o
 .debug_rnglists
                0x000002aa       0x3f ./Drivers/STM32F1xx_HAL_Driver/Src/stm32f1xx_hal_gpio.o
 .debug_rnglists
                0x000002e9       0x6c ./Drivers/STM32F1xx_HAL_Driver/Src/stm32f1xx_hal_rcc.o
 .debug_rnglists
                0x00000355      0x1bc ./Drivers/STM32F1xx_HAL_Driver/Src/stm32f1xx_hal_uart.o

.debug_macro    0x00000000    0x17188
 .debug_macro   0x00000000      0x1b4 ./Core/Src/MY_SPI.o
 .debug_macro   0x000001b4      0xaa8 ./Core/Src/MY_SPI.o
 .debug_macro   0x00000c5c      0x215 ./Core/Src/MY_SPI.o
 .debug_macro   0x00000e71       0x2e ./Core/Src/MY_SPI.o
 .debug_macro   0x00000e9f       0x22 ./Core/Src/MY_SPI.o
 .debug_macro   0x00000ec1       0x22 ./Core/Src/MY_SPI.o
 .debug_macro   0x00000ee3       0x8e ./Core/Src/MY_SPI.o
 .debug_macro   0x00000f71       0x51 ./Core/Src/MY_SPI.o
 .debug_macro   0x00000fc2      0x103 ./Core/Src/MY_SPI.o
 .debug_macro   0x000010c5       0x6a ./Core/Src/MY_SPI.o
 .debug_macro   0x0000112f      0x1df ./Core/Src/MY_SPI.o
 .debug_macro   0x0000130e       0x1c ./Core/Src/MY_SPI.o
 .debug_macro   0x0000132a       0x22 ./Core/Src/MY_SPI.o
 .debug_macro   0x0000134c       0xbd ./Core/Src/MY_SPI.o
 .debug_macro   0x00001409      0xd23 ./Core/Src/MY_SPI.o
 .debug_macro   0x0000212c     0xe09e ./Core/Src/MY_SPI.o
 .debug_macro   0x000101ca       0x6d ./Core/Src/MY_SPI.o
 .debug_macro   0x00010237     0x348d ./Core/Src/MY_SPI.o
 .debug_macro   0x000136c4      0x189 ./Core/Src/MY_SPI.o
 .debug_macro   0x0001384d       0x5c ./Core/Src/MY_SPI.o
 .debug_macro   0x000138a9      0x5bc ./Core/Src/MY_SPI.o
 .debug_macro   0x00013e65      0x289 ./Core/Src/MY_SPI.o
 .debug_macro   0x000140ee      0x1cb ./Core/Src/MY_SPI.o
 .debug_macro   0x000142b9      0x114 ./Core/Src/MY_SPI.o
 .debug_macro   0x000143cd      0x1b2 ./Core/Src/MY_SPI.o
 .debug_macro   0x0001457f       0x27 ./Core/Src/MY_SPI.o
 .debug_macro   0x000145a6      0x136 ./Core/Src/MY_SPI.o
 .debug_macro   0x000146dc      0x1bc ./Core/Src/MY_SPI.o
 .debug_macro   0x00014898       0x34 ./Core/Src/MY_SPI.o
 .debug_macro   0x000148cc       0x3c ./Core/Src/MY_SPI.o
 .debug_macro   0x00014908       0x57 ./Core/Src/MY_SPI.o
 .debug_macro   0x0001495f       0x87 ./Core/Src/MY_SPI.o
 .debug_macro   0x000149e6      0x240 ./Core/Src/MY_SPI.o
 .debug_macro   0x00014c26      0x140 ./Core/Src/MY_SPI.o
 .debug_macro   0x00014d66      0x28e ./Core/Src/MY_SPI.o
 .debug_macro   0x00014ff4       0x83 ./Core/Src/MY_SPI.o
 .debug_macro   0x00015077       0xe8 ./Core/Src/MY_SPI.o
 .debug_macro   0x0001515f       0x46 ./Core/Src/MY_SPI.o
 .debug_macro   0x000151a5      0x28d ./Core/Src/TJC.o
 .debug_macro   0x00015432       0x61 ./Core/Src/TJC.o
 .debug_macro   0x00015493       0x24 ./Core/Src/TJC.o
 .debug_macro   0x000154b7       0x43 ./Core/Src/TJC.o
 .debug_macro   0x000154fa       0x34 ./Core/Src/TJC.o
 .debug_macro   0x0001552e       0x16 ./Core/Src/TJC.o
 .debug_macro   0x00015544       0x35 ./Core/Src/TJC.o
 .debug_macro   0x00015579      0x369 ./Core/Src/TJC.o
 .debug_macro   0x000158e2       0x10 ./Core/Src/TJC.o
 .debug_macro   0x000158f2       0x16 ./Core/Src/TJC.o
 .debug_macro   0x00015908       0x43 ./Core/Src/TJC.o
 .debug_macro   0x0001594b       0x34 ./Core/Src/TJC.o
 .debug_macro   0x0001597f       0x10 ./Core/Src/TJC.o
 .debug_macro   0x0001598f       0x58 ./Core/Src/TJC.o
 .debug_macro   0x000159e7       0x8e ./Core/Src/TJC.o
 .debug_macro   0x00015a75       0x1c ./Core/Src/TJC.o
 .debug_macro   0x00015a91      0x177 ./Core/Src/TJC.o
 .debug_macro   0x00015c08       0x16 ./Core/Src/TJC.o
 .debug_macro   0x00015c1e       0x16 ./Core/Src/TJC.o
 .debug_macro   0x00015c34      0x146 ./Core/Src/TJC.o
 .debug_macro   0x00015d7a      0x1b4 ./Core/Src/ad9959.o
 .debug_macro   0x00015f2e      0x1a7 ./Core/Src/gpio.o
 .debug_macro   0x000160d5      0x1d2 ./Core/Src/main.o
 .debug_macro   0x000162a7      0x19d ./Core/Src/stm32f1xx_hal_msp.o
 .debug_macro   0x00016444      0x1a7 ./Core/Src/stm32f1xx_it.o
 .debug_macro   0x000165eb      0x18e ./Core/Src/system_stm32f1xx.o
 .debug_macro   0x00016779      0x1a7 ./Core/Src/usart.o
 .debug_macro   0x00016920      0x1b2 ./Drivers/STM32F1xx_HAL_Driver/Src/stm32f1xx_hal.o
 .debug_macro   0x00016ad2      0x18e ./Drivers/STM32F1xx_HAL_Driver/Src/stm32f1xx_hal_cortex.o
 .debug_macro   0x00016c60      0x1f9 ./Drivers/STM32F1xx_HAL_Driver/Src/stm32f1xx_hal_gpio.o
 .debug_macro   0x00016e59      0x1a0 ./Drivers/STM32F1xx_HAL_Driver/Src/stm32f1xx_hal_rcc.o
 .debug_macro   0x00016ff9      0x18f ./Drivers/STM32F1xx_HAL_Driver/Src/stm32f1xx_hal_uart.o

.debug_line     0x00000000     0xa373
 .debug_line    0x00000000      0x820 ./Core/Src/MY_SPI.o
 .debug_line    0x00000820      0x9df ./Core/Src/TJC.o
 .debug_line    0x000011ff      0x91c ./Core/Src/ad9959.o
 .debug_line    0x00001b1b      0x7d0 ./Core/Src/gpio.o
 .debug_line    0x000022eb      0x81f ./Core/Src/main.o
 .debug_line    0x00002b0a      0x774 ./Core/Src/stm32f1xx_hal_msp.o
 .debug_line    0x0000327e      0x836 ./Core/Src/stm32f1xx_it.o
 .debug_line    0x00003ab4      0x7f2 ./Core/Src/system_stm32f1xx.o
 .debug_line    0x000042a6      0x7e3 ./Core/Src/usart.o
 .debug_line    0x00004a89       0x78 ./Core/Startup/startup_stm32f103c8tx.o
 .debug_line    0x00004b01      0xa1f ./Drivers/STM32F1xx_HAL_Driver/Src/stm32f1xx_hal.o
 .debug_line    0x00005520      0xc0b ./Drivers/STM32F1xx_HAL_Driver/Src/stm32f1xx_hal_cortex.o
 .debug_line    0x0000612b      0xab8 ./Drivers/STM32F1xx_HAL_Driver/Src/stm32f1xx_hal_gpio.o
 .debug_line    0x00006be3      0xe28 ./Drivers/STM32F1xx_HAL_Driver/Src/stm32f1xx_hal_rcc.o
 .debug_line    0x00007a0b     0x2968 ./Drivers/STM32F1xx_HAL_Driver/Src/stm32f1xx_hal_uart.o

.debug_str      0x00000000    0x81df0
 .debug_str     0x00000000    0x7c978 ./Core/Src/MY_SPI.o
                              0x7ccbd (size before relaxing)
 .debug_str     0x0007c978     0x3b09 ./Core/Src/TJC.o
                              0x806bf (size before relaxing)
 .debug_str     0x00080481       0xb9 ./Core/Src/ad9959.o
                              0x7cd2d (size before relaxing)
 .debug_str     0x0008053a       0xac ./Core/Src/gpio.o
                              0x7cc52 (size before relaxing)
 .debug_str     0x000805e6      0x1a8 ./Core/Src/main.o
                              0x7d1e9 (size before relaxing)
 .debug_str     0x0008078e       0x5a ./Core/Src/stm32f1xx_hal_msp.o
                              0x7cbda (size before relaxing)
 .debug_str     0x000807e8       0xc9 ./Core/Src/stm32f1xx_it.o
                              0x7cbef (size before relaxing)
 .debug_str     0x000808b1       0x7e ./Core/Src/system_stm32f1xx.o
                              0x7c915 (size before relaxing)
 .debug_str     0x0008092f       0x53 ./Core/Src/usart.o
                              0x7d09a (size before relaxing)
 .debug_str     0x00080982       0x44 ./Core/Startup/startup_stm32f103c8tx.o
                                 0x62 (size before relaxing)
 .debug_str     0x000809c6      0x607 ./Drivers/STM32F1xx_HAL_Driver/Src/stm32f1xx_hal.o
                              0x7d048 (size before relaxing)
 .debug_str     0x00080fcd      0x2bb ./Drivers/STM32F1xx_HAL_Driver/Src/stm32f1xx_hal_cortex.o
                              0x7cf94 (size before relaxing)
 .debug_str     0x00081288      0x2e1 ./Drivers/STM32F1xx_HAL_Driver/Src/stm32f1xx_hal_gpio.o
                              0x7cc9b (size before relaxing)
 .debug_str     0x00081569      0x229 ./Drivers/STM32F1xx_HAL_Driver/Src/stm32f1xx_hal_rcc.o
                              0x7cd44 (size before relaxing)
 .debug_str     0x00081792      0x65e ./Drivers/STM32F1xx_HAL_Driver/Src/stm32f1xx_hal_uart.o
                              0x7d3b5 (size before relaxing)

.comment        0x00000000       0x43
 .comment       0x00000000       0x43 ./Core/Src/MY_SPI.o
                                 0x44 (size before relaxing)
 .comment       0x00000043       0x44 ./Core/Src/TJC.o
 .comment       0x00000043       0x44 ./Core/Src/ad9959.o
 .comment       0x00000043       0x44 ./Core/Src/gpio.o
 .comment       0x00000043       0x44 ./Core/Src/main.o
 .comment       0x00000043       0x44 ./Core/Src/stm32f1xx_hal_msp.o
 .comment       0x00000043       0x44 ./Core/Src/stm32f1xx_it.o
 .comment       0x00000043       0x44 ./Core/Src/system_stm32f1xx.o
 .comment       0x00000043       0x44 ./Core/Src/usart.o
 .comment       0x00000043       0x44 ./Drivers/STM32F1xx_HAL_Driver/Src/stm32f1xx_hal.o
 .comment       0x00000043       0x44 ./Drivers/STM32F1xx_HAL_Driver/Src/stm32f1xx_hal_cortex.o
 .comment       0x00000043       0x44 ./Drivers/STM32F1xx_HAL_Driver/Src/stm32f1xx_hal_gpio.o
 .comment       0x00000043       0x44 ./Drivers/STM32F1xx_HAL_Driver/Src/stm32f1xx_hal_rcc.o
 .comment       0x00000043       0x44 ./Drivers/STM32F1xx_HAL_Driver/Src/stm32f1xx_hal_uart.o

.debug_frame    0x00000000     0x1988
 .debug_frame   0x00000000       0x34 ./Core/Src/MY_SPI.o
 .debug_frame   0x00000034       0x4c ./Core/Src/TJC.o
 .debug_frame   0x00000080      0x114 ./Core/Src/ad9959.o
 .debug_frame   0x00000194       0x34 ./Core/Src/gpio.o
 .debug_frame   0x000001c8       0x68 ./Core/Src/main.o
 .debug_frame   0x00000230       0x38 ./Core/Src/stm32f1xx_hal_msp.o
 .debug_frame   0x00000268      0x104 ./Core/Src/stm32f1xx_it.o
 .debug_frame   0x0000036c       0x58 ./Core/Src/system_stm32f1xx.o
 .debug_frame   0x000003c4       0x74 ./Core/Src/usart.o
 .debug_frame   0x00000438      0x334 ./Drivers/STM32F1xx_HAL_Driver/Src/stm32f1xx_hal.o
 .debug_frame   0x0000076c      0x428 ./Drivers/STM32F1xx_HAL_Driver/Src/stm32f1xx_hal_cortex.o
 .debug_frame   0x00000b94      0x14c ./Drivers/STM32F1xx_HAL_Driver/Src/stm32f1xx_hal_gpio.o
 .debug_frame   0x00000ce0      0x218 ./Drivers/STM32F1xx_HAL_Driver/Src/stm32f1xx_hal_rcc.o
 .debug_frame   0x00000ef8      0x944 ./Drivers/STM32F1xx_HAL_Driver/Src/stm32f1xx_hal_uart.o
 .debug_frame   0x0000183c       0x20 D:/software/ST/cubeide/STM32CubeIDE_1.15.1/STM32CubeIDE/plugins/com.st.stm32cube.ide.mcu.externaltools.gnu-tools-for-stm32.12.3.rel1.win32_1.0.100.202403111256/tools/bin/../lib/gcc/arm-none-eabi/12.3.1/../../../../arm-none-eabi/lib/thumb/v7-m/nofp\libc_nano.a(libc_a-memset.o)
 .debug_frame   0x0000185c       0x2c D:/software/ST/cubeide/STM32CubeIDE_1.15.1/STM32CubeIDE/plugins/com.st.stm32cube.ide.mcu.externaltools.gnu-tools-for-stm32.12.3.rel1.win32_1.0.100.202403111256/tools/bin/../lib/gcc/arm-none-eabi/12.3.1/../../../../arm-none-eabi/lib/thumb/v7-m/nofp\libc_nano.a(libc_a-init.o)
 .debug_frame   0x00001888       0x30 D:/software/ST/cubeide/STM32CubeIDE_1.15.1/STM32CubeIDE/plugins/com.st.stm32cube.ide.mcu.externaltools.gnu-tools-for-stm32.12.3.rel1.win32_1.0.100.202403111256/tools/bin/../lib/gcc/arm-none-eabi/12.3.1/thumb/v7-m/nofp\libgcc.a(_arm_muldf3.o)
 .debug_frame   0x000018b8       0xac D:/software/ST/cubeide/STM32CubeIDE_1.15.1/STM32CubeIDE/plugins/com.st.stm32cube.ide.mcu.externaltools.gnu-tools-for-stm32.12.3.rel1.win32_1.0.100.202403111256/tools/bin/../lib/gcc/arm-none-eabi/12.3.1/thumb/v7-m/nofp\libgcc.a(_arm_addsubdf3.o)
 .debug_frame   0x00001964       0x24 D:/software/ST/cubeide/STM32CubeIDE_1.15.1/STM32CubeIDE/plugins/com.st.stm32cube.ide.mcu.externaltools.gnu-tools-for-stm32.12.3.rel1.win32_1.0.100.202403111256/tools/bin/../lib/gcc/arm-none-eabi/12.3.1/thumb/v7-m/nofp\libgcc.a(_arm_fixunsdfsi.o)

.debug_line_str
                0x00000000       0x46
 .debug_line_str
                0x00000000       0x46 ./Core/Startup/startup_stm32f103c8tx.o
