Archive member included to satisfy reference by file (symbol)

D:/software/development/arm-none-eabi/13.2 Rel1/bin/../lib/gcc/arm-none-eabi/13.2.1/thumb/v7-m/nofp\libgcc.a(_arm_muldf3.o)
                              CMakeFiles/ad9959.elf.dir/Core/Src/ad9959.c.obj (__aeabi_dmul)
D:/software/development/arm-none-eabi/13.2 Rel1/bin/../lib/gcc/arm-none-eabi/13.2.1/thumb/v7-m/nofp\libgcc.a(_arm_addsubdf3.o)
                              CMakeFiles/ad9959.elf.dir/Core/Src/ad9959.c.obj (__aeabi_ui2d)
D:/software/development/arm-none-eabi/13.2 Rel1/bin/../lib/gcc/arm-none-eabi/13.2.1/thumb/v7-m/nofp\libgcc.a(_arm_fixunsdfsi.o)
                              CMakeFiles/ad9959.elf.dir/Core/Src/ad9959.c.obj (__aeabi_d2uiz)
D:/software/development/arm-none-eabi/13.2 Rel1/bin/../lib/gcc/arm-none-eabi/13.2.1/thumb/v7-m/nofp\libg.a(libc_a-exit.o)
                              D:/software/development/arm-none-eabi/13.2 Rel1/bin/../lib/gcc/arm-none-eabi/13.2.1/thumb/v7-m/nofp/crt0.o (exit)
D:/software/development/arm-none-eabi/13.2 Rel1/bin/../lib/gcc/arm-none-eabi/13.2.1/thumb/v7-m/nofp\libg.a(libc_a-findfp.o)
                              D:/software/development/arm-none-eabi/13.2 Rel1/bin/../lib/gcc/arm-none-eabi/13.2.1/thumb/v7-m/nofp\libg.a(libc_a-exit.o) (__stdio_exit_handler)
D:/software/development/arm-none-eabi/13.2 Rel1/bin/../lib/gcc/arm-none-eabi/13.2.1/thumb/v7-m/nofp\libg.a(libc_a-fwalk.o)
                              D:/software/development/arm-none-eabi/13.2 Rel1/bin/../lib/gcc/arm-none-eabi/13.2.1/thumb/v7-m/nofp\libg.a(libc_a-findfp.o) (_fwalk_sglue)
D:/software/development/arm-none-eabi/13.2 Rel1/bin/../lib/gcc/arm-none-eabi/13.2.1/thumb/v7-m/nofp\libg.a(libc_a-sprintf.o)
                              CMakeFiles/ad9959.elf.dir/Core/Src/TJC.c.obj (sprintf)
D:/software/development/arm-none-eabi/13.2 Rel1/bin/../lib/gcc/arm-none-eabi/13.2.1/thumb/v7-m/nofp\libg.a(libc_a-stdio.o)
                              D:/software/development/arm-none-eabi/13.2 Rel1/bin/../lib/gcc/arm-none-eabi/13.2.1/thumb/v7-m/nofp\libg.a(libc_a-findfp.o) (__sread)
D:/software/development/arm-none-eabi/13.2 Rel1/bin/../lib/gcc/arm-none-eabi/13.2.1/thumb/v7-m/nofp\libg.a(libc_a-memset.o)
                              D:/software/development/arm-none-eabi/13.2 Rel1/bin/../lib/gcc/arm-none-eabi/13.2.1/thumb/v7-m/nofp/crt0.o (memset)
D:/software/development/arm-none-eabi/13.2 Rel1/bin/../lib/gcc/arm-none-eabi/13.2.1/thumb/v7-m/nofp\libg.a(libc_a-closer.o)
                              D:/software/development/arm-none-eabi/13.2 Rel1/bin/../lib/gcc/arm-none-eabi/13.2.1/thumb/v7-m/nofp\libg.a(libc_a-stdio.o) (_close_r)
D:/software/development/arm-none-eabi/13.2 Rel1/bin/../lib/gcc/arm-none-eabi/13.2.1/thumb/v7-m/nofp\libg.a(libc_a-reent.o)
                              D:/software/development/arm-none-eabi/13.2 Rel1/bin/../lib/gcc/arm-none-eabi/13.2.1/thumb/v7-m/nofp\libg.a(libc_a-closer.o) (errno)
D:/software/development/arm-none-eabi/13.2 Rel1/bin/../lib/gcc/arm-none-eabi/13.2.1/thumb/v7-m/nofp\libg.a(libc_a-impure.o)
                              D:/software/development/arm-none-eabi/13.2 Rel1/bin/../lib/gcc/arm-none-eabi/13.2.1/thumb/v7-m/nofp\libg.a(libc_a-sprintf.o) (_impure_ptr)
D:/software/development/arm-none-eabi/13.2 Rel1/bin/../lib/gcc/arm-none-eabi/13.2.1/thumb/v7-m/nofp\libg.a(libc_a-lseekr.o)
                              D:/software/development/arm-none-eabi/13.2 Rel1/bin/../lib/gcc/arm-none-eabi/13.2.1/thumb/v7-m/nofp\libg.a(libc_a-stdio.o) (_lseek_r)
D:/software/development/arm-none-eabi/13.2 Rel1/bin/../lib/gcc/arm-none-eabi/13.2.1/thumb/v7-m/nofp\libg.a(libc_a-readr.o)
                              D:/software/development/arm-none-eabi/13.2 Rel1/bin/../lib/gcc/arm-none-eabi/13.2.1/thumb/v7-m/nofp\libg.a(libc_a-stdio.o) (_read_r)
D:/software/development/arm-none-eabi/13.2 Rel1/bin/../lib/gcc/arm-none-eabi/13.2.1/thumb/v7-m/nofp\libg.a(libc_a-writer.o)
                              D:/software/development/arm-none-eabi/13.2 Rel1/bin/../lib/gcc/arm-none-eabi/13.2.1/thumb/v7-m/nofp\libg.a(libc_a-stdio.o) (_write_r)
D:/software/development/arm-none-eabi/13.2 Rel1/bin/../lib/gcc/arm-none-eabi/13.2.1/thumb/v7-m/nofp\libg.a(libc_a-errno.o)
                              CMakeFiles/ad9959.elf.dir/Core/Src/syscalls.c.obj (__errno)
D:/software/development/arm-none-eabi/13.2 Rel1/bin/../lib/gcc/arm-none-eabi/13.2.1/thumb/v7-m/nofp\libg.a(libc_a-init.o)
                              D:/software/development/arm-none-eabi/13.2 Rel1/bin/../lib/gcc/arm-none-eabi/13.2.1/thumb/v7-m/nofp/crt0.o (__libc_init_array)
D:/software/development/arm-none-eabi/13.2 Rel1/bin/../lib/gcc/arm-none-eabi/13.2.1/thumb/v7-m/nofp\libg.a(libc_a-lock.o)
                              D:/software/development/arm-none-eabi/13.2 Rel1/bin/../lib/gcc/arm-none-eabi/13.2.1/thumb/v7-m/nofp\libg.a(libc_a-findfp.o) (__retarget_lock_init_recursive)
[...]
Memory Configuration

Name             Origin             Length             Attributes
RAM              0x20000000         0x00005000         xrw
FLASH            0x08000000         0x00010000         xr
*default*        0x00000000         0xffffffff

Linker script and memory map

LOAD D:/software/development/arm-none-eabi/13.2 Rel1/bin/../lib/gcc/arm-none-eabi/13.2.1/thumb/v7-m/nofp/crti.o
LOAD D:/software/development/arm-none-eabi/13.2 Rel1/bin/../lib/gcc/arm-none-eabi/13.2.1/thumb/v7-m/nofp/crtbegin.o
LOAD D:/software/development/arm-none-eabi/13.2 Rel1/bin/../lib/gcc/arm-none-eabi/13.2.1/thumb/v7-m/nofp/crt0.o
LOAD CMakeFiles/ad9959.elf.dir/Core/Src/MY_SPI.c.obj
LOAD CMakeFiles/ad9959.elf.dir/Core/Src/TJC.c.obj
LOAD CMakeFiles/ad9959.elf.dir/Core/Src/ad9959.c.obj
LOAD CMakeFiles/ad9959.elf.dir/Core/Src/calculate.c.obj
LOAD CMakeFiles/ad9959.elf.dir/Core/Src/gpio.c.obj
LOAD CMakeFiles/ad9959.elf.dir/Core/Src/key.c.obj
LOAD CMakeFiles/ad9959.elf.dir/Core/Src/main.c.obj
LOAD CMakeFiles/ad9959.elf.dir/Core/Src/set.c.obj
LOAD CMakeFiles/ad9959.elf.dir/Core/Src/stm32f1xx_hal_msp.c.obj
LOAD CMakeFiles/ad9959.elf.dir/Core/Src/stm32f1xx_it.c.obj
LOAD CMakeFiles/ad9959.elf.dir/Core/Src/syscalls.c.obj
LOAD CMakeFiles/ad9959.elf.dir/Core/Src/sysmem.c.obj
LOAD CMakeFiles/ad9959.elf.dir/Core/Src/system_stm32f1xx.c.obj
LOAD CMakeFiles/ad9959.elf.dir/Core/Src/tim.c.obj
LOAD CMakeFiles/ad9959.elf.dir/Core/Src/usart.c.obj
LOAD CMakeFiles/ad9959.elf.dir/Core/Startup/startup_stm32f103c8tx.s.obj
LOAD CMakeFiles/ad9959.elf.dir/Drivers/STM32F1xx_HAL_Driver/Src/stm32f1xx_hal.c.obj
LOAD CMakeFiles/ad9959.elf.dir/Drivers/STM32F1xx_HAL_Driver/Src/stm32f1xx_hal_cortex.c.obj
LOAD CMakeFiles/ad9959.elf.dir/Drivers/STM32F1xx_HAL_Driver/Src/stm32f1xx_hal_dma.c.obj
LOAD CMakeFiles/ad9959.elf.dir/Drivers/STM32F1xx_HAL_Driver/Src/stm32f1xx_hal_exti.c.obj
LOAD CMakeFiles/ad9959.elf.dir/Drivers/STM32F1xx_HAL_Driver/Src/stm32f1xx_hal_flash.c.obj
LOAD CMakeFiles/ad9959.elf.dir/Drivers/STM32F1xx_HAL_Driver/Src/stm32f1xx_hal_flash_ex.c.obj
LOAD CMakeFiles/ad9959.elf.dir/Drivers/STM32F1xx_HAL_Driver/Src/stm32f1xx_hal_gpio.c.obj
LOAD CMakeFiles/ad9959.elf.dir/Drivers/STM32F1xx_HAL_Driver/Src/stm32f1xx_hal_gpio_ex.c.obj
LOAD CMakeFiles/ad9959.elf.dir/Drivers/STM32F1xx_HAL_Driver/Src/stm32f1xx_hal_pwr.c.obj
LOAD CMakeFiles/ad9959.elf.dir/Drivers/STM32F1xx_HAL_Driver/Src/stm32f1xx_hal_rcc.c.obj
LOAD CMakeFiles/ad9959.elf.dir/Drivers/STM32F1xx_HAL_Driver/Src/stm32f1xx_hal_rcc_ex.c.obj
LOAD CMakeFiles/ad9959.elf.dir/Drivers/STM32F1xx_HAL_Driver/Src/stm32f1xx_hal_tim.c.obj
LOAD CMakeFiles/ad9959.elf.dir/Drivers/STM32F1xx_HAL_Driver/Src/stm32f1xx_hal_tim_ex.c.obj
LOAD CMakeFiles/ad9959.elf.dir/Drivers/STM32F1xx_HAL_Driver/Src/stm32f1xx_hal_uart.c.obj
START GROUP
LOAD D:/software/development/arm-none-eabi/13.2 Rel1/bin/../lib/gcc/arm-none-eabi/13.2.1/thumb/v7-m/nofp\libgcc.a
LOAD D:/software/development/arm-none-eabi/13.2 Rel1/bin/../lib/gcc/arm-none-eabi/13.2.1/thumb/v7-m/nofp\libg.a
LOAD D:/software/development/arm-none-eabi/13.2 Rel1/bin/../lib/gcc/arm-none-eabi/13.2.1/thumb/v7-m/nofp\libc.a
END GROUP
LOAD D:/software/development/arm-none-eabi/13.2 Rel1/bin/../lib/gcc/arm-none-eabi/13.2.1/thumb/v7-m/nofp/crtend.o
LOAD D:/software/development/arm-none-eabi/13.2 Rel1/bin/../lib/gcc/arm-none-eabi/13.2.1/thumb/v7-m/nofp/crtn.o
                0x20005000                        _estack = (ORIGIN (RAM) + LENGTH (RAM))
                0x00000200                        _Min_Heap_Size = 0x200
                0x00000400                        _Min_Stack_Size = 0x400

.isr_vector     0x08000000      0x10c
                0x08000000                        . = ALIGN (0x4)
 *(.isr_vector)
 .isr_vector    0x08000000      0x10c CMakeFiles/ad9959.elf.dir/Core/Startup/startup_stm32f103c8tx.s.obj
                0x08000000                g_pfnVectors
                0x0800010c                        . = ALIGN (0x4)

.text           0x08000110     0xa408
                0x08000110                        . = ALIGN (0x4)
 *(.text)
 .text          0x08000110      0x378 D:/software/development/arm-none-eabi/13.2 Rel1/bin/../lib/gcc/arm-none-eabi/13.2.1/thumb/v7-m/nofp\libgcc.a(_arm_addsubdf3.o)
                0x08000110                __aeabi_drsub
                0x08000118                __aeabi_dsub
                0x08000118                __subdf3
                0x0800011c                __aeabi_dadd
                0x0800011c                __adddf3
                0x08000394                __floatunsidf
                0x08000394                __aeabi_ui2d
                0x080003b4                __floatsidf
                0x080003b4                __aeabi_i2d
                0x080003d8                __aeabi_f2d
                0x080003d8                __extendsfdf2
                0x0800041c                __floatundidf
                0x0800041c                __aeabi_ul2d
                0x0800042c                __floatdidf
                0x0800042c                __aeabi_l2d
 .text          0x08000488       0x40 D:/software/development/arm-none-eabi/13.2 Rel1/bin/../lib/gcc/arm-none-eabi/13.2.1/thumb/v7-m/nofp\libgcc.a(_arm_fixunsdfsi.o)
                0x08000488                __aeabi_d2uiz
                0x08000488                __fixunsdfsi
 .text          0x080004c8       0xec D:/software/development/arm-none-eabi/13.2 Rel1/bin/../lib/gcc/arm-none-eabi/13.2.1/thumb/v7-m/nofp\libg.a(libc_a-memcpy.o)
                0x080004c8                memcpy
 .text          0x080005b4      0x424 D:/software/development/arm-none-eabi/13.2 Rel1/bin/../lib/gcc/arm-none-eabi/13.2.1/thumb/v7-m/nofp\libgcc.a(_arm_muldivdf3.o)
                0x080005b4                __aeabi_dmul
                0x080005b4                __muldf3
                0x08000808                __divdf3
                0x08000808                __aeabi_ddiv
 .text          0x080009d8      0x110 D:/software/development/arm-none-eabi/13.2 Rel1/bin/../lib/gcc/arm-none-eabi/13.2.1/thumb/v7-m/nofp\libgcc.a(_arm_cmpdf2.o)
                0x080009d8                __gtdf2
                0x080009d8                __gedf2
                0x080009e0                __ltdf2
                0x080009e0                __ledf2
                0x080009e8                __nedf2
                0x080009e8                __eqdf2
                0x080009e8                __cmpdf2
                0x08000a64                __aeabi_cdrcmple
                0x08000a74                __aeabi_cdcmpeq
                0x08000a74                __aeabi_cdcmple
                0x08000a84                __aeabi_dcmpeq
                0x08000a98                __aeabi_dcmplt
                0x08000aac                __aeabi_dcmple
                0x08000ac0                __aeabi_dcmpge
                0x08000ad4                __aeabi_dcmpgt
 .text          0x08000ae8       0x2c D:/software/development/arm-none-eabi/13.2 Rel1/bin/../lib/gcc/arm-none-eabi/13.2.1/thumb/v7-m/nofp\libgcc.a(_arm_unorddf2.o)
                0x08000ae8                __unorddf2
                0x08000ae8                __aeabi_dcmpun
 .text          0x08000b14       0x50 D:/software/development/arm-none-eabi/13.2 Rel1/bin/../lib/gcc/arm-none-eabi/13.2.1/thumb/v7-m/nofp\libgcc.a(_arm_fixdfsi.o)
                0x08000b14                __aeabi_d2iz
                0x08000b14                __fixdfsi
 *(.text*)
 .text.deregister_tm_clones
                0x08000b64       0x1c D:/software/development/arm-none-eabi/13.2 Rel1/bin/../lib/gcc/arm-none-eabi/13.2.1/thumb/v7-m/nofp/crtbegin.o
 .text.register_tm_clones
                0x08000b80       0x24 D:/software/development/arm-none-eabi/13.2 Rel1/bin/../lib/gcc/arm-none-eabi/13.2.1/thumb/v7-m/nofp/crtbegin.o
 .text.__do_global_dtors_aux
                0x08000ba4       0x28 D:/software/development/arm-none-eabi/13.2 Rel1/bin/../lib/gcc/arm-none-eabi/13.2.1/thumb/v7-m/nofp/crtbegin.o
 .text.frame_dummy
                0x08000bcc       0x24 D:/software/development/arm-none-eabi/13.2 Rel1/bin/../lib/gcc/arm-none-eabi/13.2.1/thumb/v7-m/nofp/crtbegin.o
 .text.WriteData_AD9959
                0x08000bf0       0xe4 CMakeFiles/ad9959.elf.dir/Core/Src/MY_SPI.c.obj
                0x08000bf0                WriteData_AD9959
 .text.TJC_Sendbit
                0x08000cd4       0x34 CMakeFiles/ad9959.elf.dir/Core/Src/TJC.c.obj
                0x08000cd4                TJC_Sendbit
 .text.HMISends
                0x08000d08       0x28 CMakeFiles/ad9959.elf.dir/Core/Src/TJC.c.obj
                0x08000d08                HMISends
 .text.t1_show  0x08000d30       0x7c CMakeFiles/ad9959.elf.dir/Core/Src/TJC.c.obj
                0x08000d30                t1_show
 .text.t2_show  0x08000dac       0x60 CMakeFiles/ad9959.elf.dir/Core/Src/TJC.c.obj
                0x08000dac                t2_show
 .text.t3_show  0x08000e0c       0x60 CMakeFiles/ad9959.elf.dir/Core/Src/TJC.c.obj
                0x08000e0c                t3_show
 .text.t4_show  0x08000e6c       0x7c CMakeFiles/ad9959.elf.dir/Core/Src/TJC.c.obj
                0x08000e6c                t4_show
 .text.t5_show  0x08000ee8       0x7c CMakeFiles/ad9959.elf.dir/Core/Src/TJC.c.obj
                0x08000ee8                t5_show
 .text.t6_show  0x08000f64       0x60 CMakeFiles/ad9959.elf.dir/Core/Src/TJC.c.obj
                0x08000f64                t6_show
 .text.t7_show  0x08000fc4       0x60 CMakeFiles/ad9959.elf.dir/Core/Src/TJC.c.obj
                0x08000fc4                t7_show
 .text.t8_show  0x08001024       0x7c CMakeFiles/ad9959.elf.dir/Core/Src/TJC.c.obj
                0x08001024                t8_show
 .text.t9_show  0x080010a0       0x7c CMakeFiles/ad9959.elf.dir/Core/Src/TJC.c.obj
                0x080010a0                t9_show
 .text.t10_show
                0x0800111c       0x60 CMakeFiles/ad9959.elf.dir/Core/Src/TJC.c.obj
                0x0800111c                t10_show
 .text.t11_show
                0x0800117c       0x78 CMakeFiles/ad9959.elf.dir/Core/Src/TJC.c.obj
                0x0800117c                t11_show
 .text.t12_show
                0x080011f4       0x7c CMakeFiles/ad9959.elf.dir/Core/Src/TJC.c.obj
                0x080011f4                t12_show
 .text.t25_show
                0x08001270       0x80 CMakeFiles/ad9959.elf.dir/Core/Src/TJC.c.obj
                0x08001270                t25_show
 .text.t30_show
                0x080012f0       0x60 CMakeFiles/ad9959.elf.dir/Core/Src/TJC.c.obj
                0x080012f0                t30_show
 .text.clear_show
                0x08001350      0x198 CMakeFiles/ad9959.elf.dir/Core/Src/TJC.c.obj
                0x08001350                clear_show
 .text.tjc_show
                0x080014e8      0x15c CMakeFiles/ad9959.elf.dir/Core/Src/TJC.c.obj
                0x080014e8                tjc_show
 .text.show_init
                0x08001644      0x154 CMakeFiles/ad9959.elf.dir/Core/Src/TJC.c.obj
                0x08001644                show_init
 .text.update   0x08001798       0x30 CMakeFiles/ad9959.elf.dir/Core/Src/ad9959.c.obj
                0x08001798                update
 .text.IO_Init  0x080017c8       0x90 CMakeFiles/ad9959.elf.dir/Core/Src/ad9959.c.obj
                0x080017c8                IO_Init
 .text.Reset    0x08001858       0x30 CMakeFiles/ad9959.elf.dir/Core/Src/ad9959.c.obj
                0x08001858                Reset
 .text.Write_frequence
                0x08001888       0x9c CMakeFiles/ad9959.elf.dir/Core/Src/ad9959.c.obj
                0x08001888                Write_frequence
 .text.Write_Phase
                0x08001924       0x90 CMakeFiles/ad9959.elf.dir/Core/Src/ad9959.c.obj
                0x08001924                Write_Phase
 .text.Write_Amplitude
                0x080019b4       0xa0 CMakeFiles/ad9959.elf.dir/Core/Src/ad9959.c.obj
                0x080019b4                Write_Amplitude
 .text.ad9959_init
                0x08001a54       0xa0 CMakeFiles/ad9959.elf.dir/Core/Src/ad9959.c.obj
                0x08001a54                ad9959_init
 .text.MX_GPIO_Init
                0x08001af4      0x134 CMakeFiles/ad9959.elf.dir/Core/Src/gpio.c.obj
                0x08001af4                MX_GPIO_Init
 .text.key_scan
                0x08001c28      0x3f4 CMakeFiles/ad9959.elf.dir/Core/Src/key.c.obj
                0x08001c28                key_scan
 .text.Error_Handler
                0x0800201c        0x4 CMakeFiles/ad9959.elf.dir/Core/Src/main.c.obj
                0x0800201c                Error_Handler
 .text.SystemClock_Config
                0x08002020       0x64 CMakeFiles/ad9959.elf.dir/Core/Src/main.c.obj
                0x08002020                SystemClock_Config
 .text.main     0x08002084       0x54 CMakeFiles/ad9959.elf.dir/Core/Src/main.c.obj
                0x08002084                main
 .text.set_Hz   0x080020d8      0x150 CMakeFiles/ad9959.elf.dir/Core/Src/set.c.obj
                0x080020d8                set_Hz
 .text.set_mV   0x08002228      0x148 CMakeFiles/ad9959.elf.dir/Core/Src/set.c.obj
                0x08002228                set_mV
 .text.set_ph   0x08002370      0x148 CMakeFiles/ad9959.elf.dir/Core/Src/set.c.obj
                0x08002370                set_ph
 .text.set_chanelnum
                0x080024b8       0x80 CMakeFiles/ad9959.elf.dir/Core/Src/set.c.obj
                0x080024b8                set_chanelnum
 .text.set_scanfre
                0x08002538       0x88 CMakeFiles/ad9959.elf.dir/Core/Src/set.c.obj
                0x08002538                set_scanfre
 .text.Do       0x080025c0      0x3fc CMakeFiles/ad9959.elf.dir/Core/Src/set.c.obj
                0x080025c0                Do
 .text.set      0x080029bc       0xc4 CMakeFiles/ad9959.elf.dir/Core/Src/set.c.obj
                0x080029bc                set
 .text.HAL_MspInit
                0x08002a80       0x44 CMakeFiles/ad9959.elf.dir/Core/Src/stm32f1xx_hal_msp.c.obj
                0x08002a80                HAL_MspInit
 .text.NMI_Handler
                0x08002ac4        0x2 CMakeFiles/ad9959.elf.dir/Core/Src/stm32f1xx_it.c.obj
                0x08002ac4                NMI_Handler
 .text.HardFault_Handler
                0x08002ac6        0x2 CMakeFiles/ad9959.elf.dir/Core/Src/stm32f1xx_it.c.obj
                0x08002ac6                HardFault_Handler
 .text.MemManage_Handler
                0x08002ac8        0x2 CMakeFiles/ad9959.elf.dir/Core/Src/stm32f1xx_it.c.obj
                0x08002ac8                MemManage_Handler
 .text.BusFault_Handler
                0x08002aca        0x2 CMakeFiles/ad9959.elf.dir/Core/Src/stm32f1xx_it.c.obj
                0x08002aca                BusFault_Handler
 .text.UsageFault_Handler
                0x08002acc        0x2 CMakeFiles/ad9959.elf.dir/Core/Src/stm32f1xx_it.c.obj
                0x08002acc                UsageFault_Handler
 .text.SVC_Handler
                0x08002ace        0x2 CMakeFiles/ad9959.elf.dir/Core/Src/stm32f1xx_it.c.obj
                0x08002ace                SVC_Handler
 .text.DebugMon_Handler
                0x08002ad0        0x2 CMakeFiles/ad9959.elf.dir/Core/Src/stm32f1xx_it.c.obj
                0x08002ad0                DebugMon_Handler
 .text.PendSV_Handler
                0x08002ad2        0x2 CMakeFiles/ad9959.elf.dir/Core/Src/stm32f1xx_it.c.obj
                0x08002ad2                PendSV_Handler
 .text.SysTick_Handler
                0x08002ad4        0x8 CMakeFiles/ad9959.elf.dir/Core/Src/stm32f1xx_it.c.obj
                0x08002ad4                SysTick_Handler
 .text.TIM2_IRQHandler
                0x08002adc       0x10 CMakeFiles/ad9959.elf.dir/Core/Src/stm32f1xx_it.c.obj
                0x08002adc                TIM2_IRQHandler
 .text.TIM3_IRQHandler
                0x08002aec       0x10 CMakeFiles/ad9959.elf.dir/Core/Src/stm32f1xx_it.c.obj
                0x08002aec                TIM3_IRQHandler
 .text._getpid  0x08002afc        0x4 CMakeFiles/ad9959.elf.dir/Core/Src/syscalls.c.obj
                0x08002afc                _getpid
 .text._kill    0x08002b00       0x10 CMakeFiles/ad9959.elf.dir/Core/Src/syscalls.c.obj
                0x08002b00                _kill
 .text._exit    0x08002b10        0xc CMakeFiles/ad9959.elf.dir/Core/Src/syscalls.c.obj
                0x08002b10                _exit
 .text._read    0x08002b1c       0x20 CMakeFiles/ad9959.elf.dir/Core/Src/syscalls.c.obj
                0x08002b1c                _read
 .text._write   0x08002b3c       0x1c CMakeFiles/ad9959.elf.dir/Core/Src/syscalls.c.obj
                0x08002b3c                _write
 .text._close   0x08002b58        0x6 CMakeFiles/ad9959.elf.dir/Core/Src/syscalls.c.obj
                0x08002b58                _close
 .text._fstat   0x08002b5e        0xa CMakeFiles/ad9959.elf.dir/Core/Src/syscalls.c.obj
                0x08002b5e                _fstat
 .text._isatty  0x08002b68        0x4 CMakeFiles/ad9959.elf.dir/Core/Src/syscalls.c.obj
                0x08002b68                _isatty
 .text._lseek   0x08002b6c        0x4 CMakeFiles/ad9959.elf.dir/Core/Src/syscalls.c.obj
                0x08002b6c                _lseek
 .text._sbrk    0x08002b70       0x48 CMakeFiles/ad9959.elf.dir/Core/Src/sysmem.c.obj
                0x08002b70                _sbrk
 .text.SystemInit
                0x08002bb8        0x2 CMakeFiles/ad9959.elf.dir/Core/Src/system_stm32f1xx.c.obj
                0x08002bb8                SystemInit
 *fill*         0x08002bba        0x2 
 .text.MX_TIM2_Init
                0x08002bbc       0x70 CMakeFiles/ad9959.elf.dir/Core/Src/tim.c.obj
                0x08002bbc                MX_TIM2_Init
 .text.MX_TIM3_Init
                0x08002c2c       0x70 CMakeFiles/ad9959.elf.dir/Core/Src/tim.c.obj
                0x08002c2c                MX_TIM3_Init
 .text.HAL_TIM_Base_MspInit
                0x08002c9c       0x70 CMakeFiles/ad9959.elf.dir/Core/Src/tim.c.obj
                0x08002c9c                HAL_TIM_Base_MspInit
 .text.HAL_TIM_PeriodElapsedCallback
                0x08002d0c      0x204 CMakeFiles/ad9959.elf.dir/Core/Src/tim.c.obj
                0x08002d0c                HAL_TIM_PeriodElapsedCallback
 .text.MX_USART2_UART_Init
                0x08002f10       0x34 CMakeFiles/ad9959.elf.dir/Core/Src/usart.c.obj
                0x08002f10                MX_USART2_UART_Init
 .text.HAL_UART_MspInit
                0x08002f44       0x74 CMakeFiles/ad9959.elf.dir/Core/Src/usart.c.obj
                0x08002f44                HAL_UART_MspInit
 .text.Reset_Handler
                0x08002fb8       0x48 CMakeFiles/ad9959.elf.dir/Core/Startup/startup_stm32f103c8tx.s.obj
                0x08002fb8                Reset_Handler
 .text.Default_Handler
                0x08003000        0x2 CMakeFiles/ad9959.elf.dir/Core/Startup/startup_stm32f103c8tx.s.obj
                0x08003000                RTC_Alarm_IRQHandler
                0x08003000                EXTI2_IRQHandler
                0x08003000                TIM1_CC_IRQHandler
                0x08003000                PVD_IRQHandler
                0x08003000                EXTI3_IRQHandler
                0x08003000                EXTI0_IRQHandler
                0x08003000                I2C2_EV_IRQHandler
                0x08003000                ADC1_2_IRQHandler
                0x08003000                SPI1_IRQHandler
                0x08003000                TAMPER_IRQHandler
                0x08003000                DMA1_Channel4_IRQHandler
                0x08003000                USART3_IRQHandler
                0x08003000                RTC_IRQHandler
                0x08003000                DMA1_Channel7_IRQHandler
                0x08003000                CAN1_RX1_IRQHandler
                0x08003000                TIM4_IRQHandler
                0x08003000                I2C1_EV_IRQHandler
                0x08003000                DMA1_Channel6_IRQHandler
                0x08003000                RCC_IRQHandler
                0x08003000                TIM1_TRG_COM_IRQHandler
                0x08003000                DMA1_Channel1_IRQHandler
                0x08003000                Default_Handler
                0x08003000                EXTI15_10_IRQHandler
                0x08003000                EXTI9_5_IRQHandler
                0x08003000                SPI2_IRQHandler
                0x08003000                DMA1_Channel5_IRQHandler
                0x08003000                EXTI4_IRQHandler
                0x08003000                USB_LP_CAN1_RX0_IRQHandler
                0x08003000                USB_HP_CAN1_TX_IRQHandler
                0x08003000                DMA1_Channel3_IRQHandler
                0x08003000                TIM1_UP_IRQHandler
                0x08003000                WWDG_IRQHandler
                0x08003000                TIM1_BRK_IRQHandler
                0x08003000                EXTI1_IRQHandler
                0x08003000                USART2_IRQHandler
                0x08003000                I2C2_ER_IRQHandler
                0x08003000                DMA1_Channel2_IRQHandler
                0x08003000                CAN1_SCE_IRQHandler
                0x08003000                FLASH_IRQHandler
                0x08003000                USART1_IRQHandler
                0x08003000                I2C1_ER_IRQHandler
                0x08003000                USBWakeUp_IRQHandler
 *fill*         0x08003002        0x2 
 .text.HAL_InitTick
                0x08003004       0x4c CMakeFiles/ad9959.elf.dir/Drivers/STM32F1xx_HAL_Driver/Src/stm32f1xx_hal.c.obj
                0x08003004                HAL_InitTick
 .text.HAL_Init
                0x08003050       0x24 CMakeFiles/ad9959.elf.dir/Drivers/STM32F1xx_HAL_Driver/Src/stm32f1xx_hal.c.obj
                0x08003050                HAL_Init
 .text.HAL_IncTick
                0x08003074       0x18 CMakeFiles/ad9959.elf.dir/Drivers/STM32F1xx_HAL_Driver/Src/stm32f1xx_hal.c.obj
                0x08003074                HAL_IncTick
 .text.HAL_GetTick
                0x0800308c        0xc CMakeFiles/ad9959.elf.dir/Drivers/STM32F1xx_HAL_Driver/Src/stm32f1xx_hal.c.obj
                0x0800308c                HAL_GetTick
 .text.HAL_Delay
                0x08003098       0x28 CMakeFiles/ad9959.elf.dir/Drivers/STM32F1xx_HAL_Driver/Src/stm32f1xx_hal.c.obj
                0x08003098                HAL_Delay
 .text.__NVIC_SetPriority
                0x080030c0       0x28 CMakeFiles/ad9959.elf.dir/Drivers/STM32F1xx_HAL_Driver/Src/stm32f1xx_hal_cortex.c.obj
 .text.NVIC_EncodePriority
                0x080030e8       0x3e CMakeFiles/ad9959.elf.dir/Drivers/STM32F1xx_HAL_Driver/Src/stm32f1xx_hal_cortex.c.obj
 *fill*         0x08003126        0x2 
 .text.HAL_NVIC_SetPriorityGrouping
                0x08003128       0x24 CMakeFiles/ad9959.elf.dir/Drivers/STM32F1xx_HAL_Driver/Src/stm32f1xx_hal_cortex.c.obj
                0x08003128                HAL_NVIC_SetPriorityGrouping
 .text.HAL_NVIC_SetPriority
                0x0800314c       0x20 CMakeFiles/ad9959.elf.dir/Drivers/STM32F1xx_HAL_Driver/Src/stm32f1xx_hal_cortex.c.obj
                0x0800314c                HAL_NVIC_SetPriority
 .text.HAL_NVIC_EnableIRQ
                0x0800316c       0x1c CMakeFiles/ad9959.elf.dir/Drivers/STM32F1xx_HAL_Driver/Src/stm32f1xx_hal_cortex.c.obj
                0x0800316c                HAL_NVIC_EnableIRQ
 .text.HAL_SYSTICK_Config
                0x08003188       0x28 CMakeFiles/ad9959.elf.dir/Drivers/STM32F1xx_HAL_Driver/Src/stm32f1xx_hal_cortex.c.obj
                0x08003188                HAL_SYSTICK_Config
 .text.HAL_GPIO_Init
                0x080031b0      0x21c CMakeFiles/ad9959.elf.dir/Drivers/STM32F1xx_HAL_Driver/Src/stm32f1xx_hal_gpio.c.obj
                0x080031b0                HAL_GPIO_Init
 .text.HAL_GPIO_ReadPin
                0x080033cc        0xe CMakeFiles/ad9959.elf.dir/Drivers/STM32F1xx_HAL_Driver/Src/stm32f1xx_hal_gpio.c.obj
                0x080033cc                HAL_GPIO_ReadPin
 .text.HAL_GPIO_WritePin
                0x080033da        0xc CMakeFiles/ad9959.elf.dir/Drivers/STM32F1xx_HAL_Driver/Src/stm32f1xx_hal_gpio.c.obj
                0x080033da                HAL_GPIO_WritePin
 .text.HAL_GPIO_TogglePin
                0x080033e6       0x12 CMakeFiles/ad9959.elf.dir/Drivers/STM32F1xx_HAL_Driver/Src/stm32f1xx_hal_gpio.c.obj
                0x080033e6                HAL_GPIO_TogglePin
 .text.RCC_Delay
                0x080033f8       0x2c CMakeFiles/ad9959.elf.dir/Drivers/STM32F1xx_HAL_Driver/Src/stm32f1xx_hal_rcc.c.obj
 .text.HAL_RCC_OscConfig
                0x08003424      0x410 CMakeFiles/ad9959.elf.dir/Drivers/STM32F1xx_HAL_Driver/Src/stm32f1xx_hal_rcc.c.obj
                0x08003424                HAL_RCC_OscConfig
 .text.HAL_RCC_GetSysClockFreq
                0x08003834       0x54 CMakeFiles/ad9959.elf.dir/Drivers/STM32F1xx_HAL_Driver/Src/stm32f1xx_hal_rcc.c.obj
                0x08003834                HAL_RCC_GetSysClockFreq
 .text.HAL_RCC_ClockConfig
                0x08003888      0x16c CMakeFiles/ad9959.elf.dir/Drivers/STM32F1xx_HAL_Driver/Src/stm32f1xx_hal_rcc.c.obj
                0x08003888                HAL_RCC_ClockConfig
 .text.HAL_RCC_GetHCLKFreq
                0x080039f4        0xc CMakeFiles/ad9959.elf.dir/Drivers/STM32F1xx_HAL_Driver/Src/stm32f1xx_hal_rcc.c.obj
                0x080039f4                HAL_RCC_GetHCLKFreq
 .text.HAL_RCC_GetPCLK1Freq
                0x08003a00       0x20 CMakeFiles/ad9959.elf.dir/Drivers/STM32F1xx_HAL_Driver/Src/stm32f1xx_hal_rcc.c.obj
                0x08003a00                HAL_RCC_GetPCLK1Freq
 .text.HAL_RCC_GetPCLK2Freq
                0x08003a20       0x20 CMakeFiles/ad9959.elf.dir/Drivers/STM32F1xx_HAL_Driver/Src/stm32f1xx_hal_rcc.c.obj
                0x08003a20                HAL_RCC_GetPCLK2Freq
 .text.TIM_TI1_ConfigInputStage
                0x08003a40       0x24 CMakeFiles/ad9959.elf.dir/Drivers/STM32F1xx_HAL_Driver/Src/stm32f1xx_hal_tim.c.obj
 .text.TIM_TI2_ConfigInputStage
                0x08003a64       0x26 CMakeFiles/ad9959.elf.dir/Drivers/STM32F1xx_HAL_Driver/Src/stm32f1xx_hal_tim.c.obj
 .text.TIM_ITRx_SetConfig
                0x08003a8a       0x10 CMakeFiles/ad9959.elf.dir/Drivers/STM32F1xx_HAL_Driver/Src/stm32f1xx_hal_tim.c.obj
 *fill*         0x08003a9a        0x2 
 .text.HAL_TIM_Base_Start_IT
                0x08003a9c       0x68 CMakeFiles/ad9959.elf.dir/Drivers/STM32F1xx_HAL_Driver/Src/stm32f1xx_hal_tim.c.obj
                0x08003a9c                HAL_TIM_Base_Start_IT
 .text.HAL_TIM_OC_DelayElapsedCallback
                0x08003b04        0x2 CMakeFiles/ad9959.elf.dir/Drivers/STM32F1xx_HAL_Driver/Src/stm32f1xx_hal_tim.c.obj
                0x08003b04                HAL_TIM_OC_DelayElapsedCallback
 .text.HAL_TIM_IC_CaptureCallback
                0x08003b06        0x2 CMakeFiles/ad9959.elf.dir/Drivers/STM32F1xx_HAL_Driver/Src/stm32f1xx_hal_tim.c.obj
                0x08003b06                HAL_TIM_IC_CaptureCallback
 .text.HAL_TIM_PWM_PulseFinishedCallback
                0x08003b08        0x2 CMakeFiles/ad9959.elf.dir/Drivers/STM32F1xx_HAL_Driver/Src/stm32f1xx_hal_tim.c.obj
                0x08003b08                HAL_TIM_PWM_PulseFinishedCallback
 .text.HAL_TIM_TriggerCallback
                0x08003b0a        0x2 CMakeFiles/ad9959.elf.dir/Drivers/STM32F1xx_HAL_Driver/Src/stm32f1xx_hal_tim.c.obj
                0x08003b0a                HAL_TIM_TriggerCallback
 .text.HAL_TIM_IRQHandler
                0x08003b0c      0x17a CMakeFiles/ad9959.elf.dir/Drivers/STM32F1xx_HAL_Driver/Src/stm32f1xx_hal_tim.c.obj
                0x08003b0c                HAL_TIM_IRQHandler
 *fill*         0x08003c86        0x2 
 .text.TIM_Base_SetConfig
                0x08003c88       0x74 CMakeFiles/ad9959.elf.dir/Drivers/STM32F1xx_HAL_Driver/Src/stm32f1xx_hal_tim.c.obj
                0x08003c88                TIM_Base_SetConfig
 .text.HAL_TIM_Base_Init
                0x08003cfc       0x58 CMakeFiles/ad9959.elf.dir/Drivers/STM32F1xx_HAL_Driver/Src/stm32f1xx_hal_tim.c.obj
                0x08003cfc                HAL_TIM_Base_Init
 .text.TIM_ETR_SetConfig
                0x08003d54       0x18 CMakeFiles/ad9959.elf.dir/Drivers/STM32F1xx_HAL_Driver/Src/stm32f1xx_hal_tim.c.obj
                0x08003d54                TIM_ETR_SetConfig
 .text.HAL_TIM_ConfigClockSource
                0x08003d6c       0xfe CMakeFiles/ad9959.elf.dir/Drivers/STM32F1xx_HAL_Driver/Src/stm32f1xx_hal_tim.c.obj
                0x08003d6c                HAL_TIM_ConfigClockSource
 *fill*         0x08003e6a        0x2 
 .text.HAL_TIMEx_MasterConfigSynchronization
                0x08003e6c       0x6c CMakeFiles/ad9959.elf.dir/Drivers/STM32F1xx_HAL_Driver/Src/stm32f1xx_hal_tim_ex.c.obj
                0x08003e6c                HAL_TIMEx_MasterConfigSynchronization
 .text.HAL_TIMEx_CommutCallback
                0x08003ed8        0x2 CMakeFiles/ad9959.elf.dir/Drivers/STM32F1xx_HAL_Driver/Src/stm32f1xx_hal_tim_ex.c.obj
                0x08003ed8                HAL_TIMEx_CommutCallback
 .text.HAL_TIMEx_BreakCallback
                0x08003eda        0x2 CMakeFiles/ad9959.elf.dir/Drivers/STM32F1xx_HAL_Driver/Src/stm32f1xx_hal_tim_ex.c.obj
                0x08003eda                HAL_TIMEx_BreakCallback
 .text.UART_SetConfig
                0x08003edc       0x94 CMakeFiles/ad9959.elf.dir/Drivers/STM32F1xx_HAL_Driver/Src/stm32f1xx_hal_uart.c.obj
 .text.UART_WaitOnFlagUntilTimeout
                0x08003f70       0x84 CMakeFiles/ad9959.elf.dir/Drivers/STM32F1xx_HAL_Driver/Src/stm32f1xx_hal_uart.c.obj
 .text.HAL_UART_Init
                0x08003ff4       0x60 CMakeFiles/ad9959.elf.dir/Drivers/STM32F1xx_HAL_Driver/Src/stm32f1xx_hal_uart.c.obj
                0x08003ff4                HAL_UART_Init
 .text.HAL_UART_Transmit
                0x08004054       0xbe CMakeFiles/ad9959.elf.dir/Drivers/STM32F1xx_HAL_Driver/Src/stm32f1xx_hal_uart.c.obj
                0x08004054                HAL_UART_Transmit
 *fill*         0x08004112        0x2 
 .text.stdio_exit_handler
                0x08004114       0x18 D:/software/development/arm-none-eabi/13.2 Rel1/bin/../lib/gcc/arm-none-eabi/13.2.1/thumb/v7-m/nofp\libg.a(libc_a-findfp.o)
 .text.cleanup_stdio
                0x0800412c       0x40 D:/software/development/arm-none-eabi/13.2 Rel1/bin/../lib/gcc/arm-none-eabi/13.2.1/thumb/v7-m/nofp\libg.a(libc_a-findfp.o)
 .text.global_stdio_init.part.0
                0x0800416c       0xf0 D:/software/development/arm-none-eabi/13.2 Rel1/bin/../lib/gcc/arm-none-eabi/13.2.1/thumb/v7-m/nofp\libg.a(libc_a-findfp.o)
 .text.__sinit  0x0800425c       0x3c D:/software/development/arm-none-eabi/13.2 Rel1/bin/../lib/gcc/arm-none-eabi/13.2.1/thumb/v7-m/nofp\libg.a(libc_a-findfp.o)
                0x0800425c                __sinit
 .text.__sfp_lock_acquire
                0x08004298        0xc D:/software/development/arm-none-eabi/13.2 Rel1/bin/../lib/gcc/arm-none-eabi/13.2.1/thumb/v7-m/nofp\libg.a(libc_a-findfp.o)
                0x08004298                __sfp_lock_acquire
 .text.__sfp_lock_release
                0x080042a4        0xc D:/software/development/arm-none-eabi/13.2 Rel1/bin/../lib/gcc/arm-none-eabi/13.2.1/thumb/v7-m/nofp\libg.a(libc_a-findfp.o)
                0x080042a4                __sfp_lock_release
 .text._fwalk_sglue
                0x080042b0       0x44 D:/software/development/arm-none-eabi/13.2 Rel1/bin/../lib/gcc/arm-none-eabi/13.2.1/thumb/v7-m/nofp\libg.a(libc_a-fwalk.o)
                0x080042b0                _fwalk_sglue
 .text.sprintf  0x080042f4       0x44 D:/software/development/arm-none-eabi/13.2 Rel1/bin/../lib/gcc/arm-none-eabi/13.2.1/thumb/v7-m/nofp\libg.a(libc_a-sprintf.o)
                0x080042f4                sprintf
 .text.__sread  0x08004338       0x24 D:/software/development/arm-none-eabi/13.2 Rel1/bin/../lib/gcc/arm-none-eabi/13.2.1/thumb/v7-m/nofp\libg.a(libc_a-stdio.o)
                0x08004338                __sread
 .text.__swrite
                0x0800435c       0x40 D:/software/development/arm-none-eabi/13.2 Rel1/bin/../lib/gcc/arm-none-eabi/13.2.1/thumb/v7-m/nofp\libg.a(libc_a-stdio.o)
                0x0800435c                __swrite
 .text.__sseek  0x0800439c       0x24 D:/software/development/arm-none-eabi/13.2 Rel1/bin/../lib/gcc/arm-none-eabi/13.2.1/thumb/v7-m/nofp\libg.a(libc_a-stdio.o)
                0x0800439c                __sseek
 .text.__sclose
                0x080043c0        0x8 D:/software/development/arm-none-eabi/13.2 Rel1/bin/../lib/gcc/arm-none-eabi/13.2.1/thumb/v7-m/nofp\libg.a(libc_a-stdio.o)
                0x080043c0                __sclose
 .text.memset   0x080043c8       0xa0 D:/software/development/arm-none-eabi/13.2 Rel1/bin/../lib/gcc/arm-none-eabi/13.2.1/thumb/v7-m/nofp\libg.a(libc_a-memset.o)
                0x080043c8                memset
 .text._close_r
                0x08004468       0x24 D:/software/development/arm-none-eabi/13.2 Rel1/bin/../lib/gcc/arm-none-eabi/13.2.1/thumb/v7-m/nofp\libg.a(libc_a-closer.o)
                0x08004468                _close_r
 .text._lseek_r
                0x0800448c       0x2c D:/software/development/arm-none-eabi/13.2 Rel1/bin/../lib/gcc/arm-none-eabi/13.2.1/thumb/v7-m/nofp\libg.a(libc_a-lseekr.o)
                0x0800448c                _lseek_r
 .text._read_r  0x080044b8       0x2c D:/software/development/arm-none-eabi/13.2 Rel1/bin/../lib/gcc/arm-none-eabi/13.2.1/thumb/v7-m/nofp\libg.a(libc_a-readr.o)
                0x080044b8                _read_r
 .text._write_r
                0x080044e4       0x2c D:/software/development/arm-none-eabi/13.2 Rel1/bin/../lib/gcc/arm-none-eabi/13.2.1/thumb/v7-m/nofp\libg.a(libc_a-writer.o)
                0x080044e4                _write_r
 .text.__errno  0x08004510        0xc D:/software/development/arm-none-eabi/13.2 Rel1/bin/../lib/gcc/arm-none-eabi/13.2.1/thumb/v7-m/nofp\libg.a(libc_a-errno.o)
                0x08004510                __errno
 .text.__libc_init_array
                0x0800451c       0x50 D:/software/development/arm-none-eabi/13.2 Rel1/bin/../lib/gcc/arm-none-eabi/13.2.1/thumb/v7-m/nofp\libg.a(libc_a-init.o)
                0x0800451c                __libc_init_array
 .text.__retarget_lock_init_recursive
                0x0800456c        0x4 D:/software/development/arm-none-eabi/13.2 Rel1/bin/../lib/gcc/arm-none-eabi/13.2.1/thumb/v7-m/nofp\libg.a(libc_a-lock.o)
                0x0800456c                __retarget_lock_init_recursive
 .text.__retarget_lock_close_recursive
                0x08004570        0x4 D:/software/development/arm-none-eabi/13.2 Rel1/bin/../lib/gcc/arm-none-eabi/13.2.1/thumb/v7-m/nofp\libg.a(libc_a-lock.o)
                0x08004570                __retarget_lock_close_recursive
 .text.__retarget_lock_acquire_recursive
                0x08004574        0x4 D:/software/development/arm-none-eabi/13.2 Rel1/bin/../lib/gcc/arm-none-eabi/13.2.1/thumb/v7-m/nofp\libg.a(libc_a-lock.o)
                0x08004574                __retarget_lock_acquire_recursive
 .text.__retarget_lock_release_recursive
                0x08004578        0x4 D:/software/development/arm-none-eabi/13.2 Rel1/bin/../lib/gcc/arm-none-eabi/13.2.1/thumb/v7-m/nofp\libg.a(libc_a-lock.o)
                0x08004578                __retarget_lock_release_recursive
 .text.startup.register_fini
                0x0800457c       0x14 D:/software/development/arm-none-eabi/13.2 Rel1/bin/../lib/gcc/arm-none-eabi/13.2.1/thumb/v7-m/nofp\libg.a(libc_a-__call_atexit.o)
 .text.atexit   0x08004590        0xc D:/software/development/arm-none-eabi/13.2 Rel1/bin/../lib/gcc/arm-none-eabi/13.2.1/thumb/v7-m/nofp\libg.a(libc_a-atexit.o)
                0x08004590                atexit
 .text._malloc_trim_r
                0x0800459c       0xb8 D:/software/development/arm-none-eabi/13.2 Rel1/bin/../lib/gcc/arm-none-eabi/13.2.1/thumb/v7-m/nofp\libg.a(libc_a-freer.o)
                0x0800459c                _malloc_trim_r
 .text._free_r  0x08004654      0x1f8 D:/software/development/arm-none-eabi/13.2 Rel1/bin/../lib/gcc/arm-none-eabi/13.2.1/thumb/v7-m/nofp\libg.a(libc_a-freer.o)
                0x08004654                _free_r
 .text._malloc_r
                0x0800484c      0x568 D:/software/development/arm-none-eabi/13.2 Rel1/bin/../lib/gcc/arm-none-eabi/13.2.1/thumb/v7-m/nofp\libg.a(libc_a-mallocr.o)
                0x0800484c                _malloc_r
 .text.__malloc_lock
                0x08004db4        0xc D:/software/development/arm-none-eabi/13.2 Rel1/bin/../lib/gcc/arm-none-eabi/13.2.1/thumb/v7-m/nofp\libg.a(libc_a-mlock.o)
                0x08004db4                __malloc_lock
 .text.__malloc_unlock
                0x08004dc0        0xc D:/software/development/arm-none-eabi/13.2 Rel1/bin/../lib/gcc/arm-none-eabi/13.2.1/thumb/v7-m/nofp\libg.a(libc_a-mlock.o)
                0x08004dc0                __malloc_unlock
 .text._svfprintf_r
                0x08004dcc     0x1b2c D:/software/development/arm-none-eabi/13.2 Rel1/bin/../lib/gcc/arm-none-eabi/13.2.1/thumb/v7-m/nofp\libg.a(libc_a-svfprintf.o)
                0x08004dcc                _svfprintf_r
 .text._fclose_r
                0x080068f8       0xc0 D:/software/development/arm-none-eabi/13.2 Rel1/bin/../lib/gcc/arm-none-eabi/13.2.1/thumb/v7-m/nofp\libg.a(libc_a-fclose.o)
                0x080068f8                _fclose_r
 .text.__sflush_r
                0x080069b8      0x128 D:/software/development/arm-none-eabi/13.2 Rel1/bin/../lib/gcc/arm-none-eabi/13.2.1/thumb/v7-m/nofp\libg.a(libc_a-fflush.o)
                0x080069b8                __sflush_r
 .text._fflush_r
                0x08006ae0       0x54 D:/software/development/arm-none-eabi/13.2 Rel1/bin/../lib/gcc/arm-none-eabi/13.2.1/thumb/v7-m/nofp\libg.a(libc_a-fflush.o)
                0x08006ae0                _fflush_r
 .text.strncpy  0x08006b34       0x6c D:/software/development/arm-none-eabi/13.2 Rel1/bin/../lib/gcc/arm-none-eabi/13.2.1/thumb/v7-m/nofp\libg.a(libc_a-strncpy.o)
                0x08006b34                strncpy
 .text.__locale_mb_cur_max
                0x08006ba0        0xc D:/software/development/arm-none-eabi/13.2 Rel1/bin/../lib/gcc/arm-none-eabi/13.2.1/thumb/v7-m/nofp\libg.a(libc_a-locale.o)
                0x08006ba0                __locale_mb_cur_max
 .text._localeconv_r
                0x08006bac        0x8 D:/software/development/arm-none-eabi/13.2 Rel1/bin/../lib/gcc/arm-none-eabi/13.2.1/thumb/v7-m/nofp\libg.a(libc_a-localeconv.o)
                0x08006bac                _localeconv_r
 .text._sbrk_r  0x08006bb4       0x24 D:/software/development/arm-none-eabi/13.2 Rel1/bin/../lib/gcc/arm-none-eabi/13.2.1/thumb/v7-m/nofp\libg.a(libc_a-sbrkr.o)
                0x08006bb4                _sbrk_r
 .text.__libc_fini_array
                0x08006bd8       0x28 D:/software/development/arm-none-eabi/13.2 Rel1/bin/../lib/gcc/arm-none-eabi/13.2.1/thumb/v7-m/nofp\libg.a(libc_a-fini.o)
                0x08006bd8                __libc_fini_array
 .text.sysconf  0x08006c00       0x1c D:/software/development/arm-none-eabi/13.2 Rel1/bin/../lib/gcc/arm-none-eabi/13.2.1/thumb/v7-m/nofp\libg.a(libc_a-sysconf.o)
                0x08006c00                sysconf
 .text.memchr   0x08006c1c       0x98 D:/software/development/arm-none-eabi/13.2 Rel1/bin/../lib/gcc/arm-none-eabi/13.2.1/thumb/v7-m/nofp\libg.a(libc_a-memchr-stub.o)
                0x08006c1c                memchr
 .text.strlen   0x08006cb4       0x5c D:/software/development/arm-none-eabi/13.2 Rel1/bin/../lib/gcc/arm-none-eabi/13.2.1/thumb/v7-m/nofp\libg.a(libc_a-strlen-stub.o)
                0x08006cb4                strlen
 .text.frexp    0x08006d10       0x6c D:/software/development/arm-none-eabi/13.2 Rel1/bin/../lib/gcc/arm-none-eabi/13.2.1/thumb/v7-m/nofp\libg.a(libm_a-s_frexp.o)
                0x08006d10                frexp
 .text.__register_exitproc
                0x08006d7c       0x80 D:/software/development/arm-none-eabi/13.2 Rel1/bin/../lib/gcc/arm-none-eabi/13.2.1/thumb/v7-m/nofp\libg.a(libc_a-__atexit.o)
                0x08006d7c                __register_exitproc
 .text.quorem   0x08006dfc      0x13c D:/software/development/arm-none-eabi/13.2 Rel1/bin/../lib/gcc/arm-none-eabi/13.2.1/thumb/v7-m/nofp\libg.a(libc_a-dtoa.o)
 .text._dtoa_r  0x08006f38      0xe94 D:/software/development/arm-none-eabi/13.2 Rel1/bin/../lib/gcc/arm-none-eabi/13.2.1/thumb/v7-m/nofp\libg.a(libc_a-dtoa.o)
                0x08006f38                _dtoa_r
 .text.__ascii_mbtowc
                0x08007dcc       0x2c D:/software/development/arm-none-eabi/13.2 Rel1/bin/../lib/gcc/arm-none-eabi/13.2.1/thumb/v7-m/nofp\libg.a(libc_a-mbtowc_r.o)
                0x08007dcc                __ascii_mbtowc
 .text._Balloc  0x08007df8       0x4c D:/software/development/arm-none-eabi/13.2 Rel1/bin/../lib/gcc/arm-none-eabi/13.2.1/thumb/v7-m/nofp\libg.a(libc_a-mprec.o)
                0x08007df8                _Balloc
 .text._Bfree   0x08007e44       0x14 D:/software/development/arm-none-eabi/13.2 Rel1/bin/../lib/gcc/arm-none-eabi/13.2.1/thumb/v7-m/nofp\libg.a(libc_a-mprec.o)
                0x08007e44                _Bfree
 .text.__multadd
                0x08007e58       0xa4 D:/software/development/arm-none-eabi/13.2 Rel1/bin/../lib/gcc/arm-none-eabi/13.2.1/thumb/v7-m/nofp\libg.a(libc_a-mprec.o)
                0x08007e58                __multadd
 .text.__hi0bits
                0x08007efc       0x44 D:/software/development/arm-none-eabi/13.2 Rel1/bin/../lib/gcc/arm-none-eabi/13.2.1/thumb/v7-m/nofp\libg.a(libc_a-mprec.o)
                0x08007efc                __hi0bits
 .text.__lo0bits
                0x08007f40       0x5c D:/software/development/arm-none-eabi/13.2 Rel1/bin/../lib/gcc/arm-none-eabi/13.2.1/thumb/v7-m/nofp\libg.a(libc_a-mprec.o)
                0x08007f40                __lo0bits
 .text.__i2b    0x08007f9c       0x5c D:/software/development/arm-none-eabi/13.2 Rel1/bin/../lib/gcc/arm-none-eabi/13.2.1/thumb/v7-m/nofp\libg.a(libc_a-mprec.o)
                0x08007f9c                __i2b
 .text.__multiply
                0x08007ff8      0x164 D:/software/development/arm-none-eabi/13.2 Rel1/bin/../lib/gcc/arm-none-eabi/13.2.1/thumb/v7-m/nofp\libg.a(libc_a-mprec.o)
                0x08007ff8                __multiply
 .text.__pow5mult
                0x0800815c       0xb4 D:/software/development/arm-none-eabi/13.2 Rel1/bin/../lib/gcc/arm-none-eabi/13.2.1/thumb/v7-m/nofp\libg.a(libc_a-mprec.o)
                0x0800815c                __pow5mult
 .text.__lshift
                0x08008210       0xec D:/software/development/arm-none-eabi/13.2 Rel1/bin/../lib/gcc/arm-none-eabi/13.2.1/thumb/v7-m/nofp\libg.a(libc_a-mprec.o)
                0x08008210                __lshift
 .text.__mcmp   0x080082fc       0x40 D:/software/development/arm-none-eabi/13.2 Rel1/bin/../lib/gcc/arm-none-eabi/13.2.1/thumb/v7-m/nofp\libg.a(libc_a-mprec.o)
                0x080082fc                __mcmp
 .text.__mdiff  0x0800833c      0x178 D:/software/development/arm-none-eabi/13.2 Rel1/bin/../lib/gcc/arm-none-eabi/13.2.1/thumb/v7-m/nofp\libg.a(libc_a-mprec.o)
                0x0800833c                __mdiff
 .text.__d2b    0x080084b4       0xbc D:/software/development/arm-none-eabi/13.2 Rel1/bin/../lib/gcc/arm-none-eabi/13.2.1/thumb/v7-m/nofp\libg.a(libc_a-mprec.o)
                0x080084b4                __d2b
 .text.__ascii_wctomb
                0x08008570       0x1c D:/software/development/arm-none-eabi/13.2 Rel1/bin/../lib/gcc/arm-none-eabi/13.2.1/thumb/v7-m/nofp\libg.a(libc_a-wctomb_r.o)
                0x08008570                __ascii_wctomb
 .text._wcrtomb_r
                0x0800858c       0x4c D:/software/development/arm-none-eabi/13.2 Rel1/bin/../lib/gcc/arm-none-eabi/13.2.1/thumb/v7-m/nofp\libg.a(libc_a-wcrtomb.o)
                0x0800858c                _wcrtomb_r
 .text._wcsrtombs_r
                0x080085d8       0x18 D:/software/development/arm-none-eabi/13.2 Rel1/bin/../lib/gcc/arm-none-eabi/13.2.1/thumb/v7-m/nofp\libg.a(libc_a-wcsrtombs.o)
                0x080085d8                _wcsrtombs_r
 .text.__ssprint_r
                0x080085f0      0x110 D:/software/development/arm-none-eabi/13.2 Rel1/bin/../lib/gcc/arm-none-eabi/13.2.1/thumb/v7-m/nofp\libg.a(libc_a-svfiprintf.o)
                0x080085f0                __ssprint_r
 .text.memmove  0x08008700       0xfc D:/software/development/arm-none-eabi/13.2 Rel1/bin/../lib/gcc/arm-none-eabi/13.2.1/thumb/v7-m/nofp\libg.a(libc_a-memmove.o)
                0x08008700                memmove
 .text.__assert_func
                0x080087fc       0x40 D:/software/development/arm-none-eabi/13.2 Rel1/bin/../lib/gcc/arm-none-eabi/13.2.1/thumb/v7-m/nofp\libg.a(libc_a-assert.o)
                0x080087fc                __assert_func
 .text._calloc_r
                0x0800883c       0x6c D:/software/development/arm-none-eabi/13.2 Rel1/bin/../lib/gcc/arm-none-eabi/13.2.1/thumb/v7-m/nofp\libg.a(libc_a-callocr.o)
                0x0800883c                _calloc_r
 .text._realloc_r
                0x080088a8      0x34c D:/software/development/arm-none-eabi/13.2 Rel1/bin/../lib/gcc/arm-none-eabi/13.2.1/thumb/v7-m/nofp\libg.a(libc_a-reallocr.o)
                0x080088a8                _realloc_r
 .text._wcsnrtombs_l
                0x08008bf4       0xec D:/software/development/arm-none-eabi/13.2 Rel1/bin/../lib/gcc/arm-none-eabi/13.2.1/thumb/v7-m/nofp\libg.a(libc_a-wcsnrtombs.o)
                0x08008bf4                _wcsnrtombs_l
 .text._wcsnrtombs_r
                0x08008ce0       0x24 D:/software/development/arm-none-eabi/13.2 Rel1/bin/../lib/gcc/arm-none-eabi/13.2.1/thumb/v7-m/nofp\libg.a(libc_a-wcsnrtombs.o)
                0x08008ce0                _wcsnrtombs_r
 .text.fiprintf
                0x08008d04       0x28 D:/software/development/arm-none-eabi/13.2 Rel1/bin/../lib/gcc/arm-none-eabi/13.2.1/thumb/v7-m/nofp\libg.a(libc_a-fiprintf.o)
                0x08008d04                fiprintf
 .text.__sprint_r.part.0
                0x08008d2c       0x78 D:/software/development/arm-none-eabi/13.2 Rel1/bin/../lib/gcc/arm-none-eabi/13.2.1/thumb/v7-m/nofp\libg.a(libc_a-vfiprintf.o)
 .text._vfiprintf_r
                0x08008da4      0xfe8 D:/software/development/arm-none-eabi/13.2 Rel1/bin/../lib/gcc/arm-none-eabi/13.2.1/thumb/v7-m/nofp\libg.a(libc_a-vfiprintf.o)
                0x08008da4                _vfiprintf_r
 .text.__sbprintf
                0x08009d8c       0x80 D:/software/development/arm-none-eabi/13.2 Rel1/bin/../lib/gcc/arm-none-eabi/13.2.1/thumb/v7-m/nofp\libg.a(libc_a-vfiprintf.o)
 .text.__sfvwrite_r
                0x08009e0c      0x2ec D:/software/development/arm-none-eabi/13.2 Rel1/bin/../lib/gcc/arm-none-eabi/13.2.1/thumb/v7-m/nofp\libg.a(libc_a-fvwrite.o)
                0x08009e0c                __sfvwrite_r
 .text.__swsetup_r
                0x0800a0f8       0xc4 D:/software/development/arm-none-eabi/13.2 Rel1/bin/../lib/gcc/arm-none-eabi/13.2.1/thumb/v7-m/nofp\libg.a(libc_a-wsetup.o)
                0x0800a0f8                __swsetup_r
 .text.__fputwc
                0x0800a1bc       0x7c D:/software/development/arm-none-eabi/13.2 Rel1/bin/../lib/gcc/arm-none-eabi/13.2.1/thumb/v7-m/nofp\libg.a(libc_a-fputwc.o)
                0x0800a1bc                __fputwc
 .text._fputwc_r
                0x0800a238       0x60 D:/software/development/arm-none-eabi/13.2 Rel1/bin/../lib/gcc/arm-none-eabi/13.2.1/thumb/v7-m/nofp\libg.a(libc_a-fputwc.o)
                0x0800a238                _fputwc_r
 .text.abort    0x0800a298       0x10 D:/software/development/arm-none-eabi/13.2 Rel1/bin/../lib/gcc/arm-none-eabi/13.2.1/thumb/v7-m/nofp\libg.a(libc_a-abort.o)
                0x0800a298                abort
 .text.__smakebuf_r
                0x0800a2a8       0xdc D:/software/development/arm-none-eabi/13.2 Rel1/bin/../lib/gcc/arm-none-eabi/13.2.1/thumb/v7-m/nofp\libg.a(libc_a-makebuf.o)
                0x0800a2a8                __smakebuf_r
 .text.__swbuf_r
                0x0800a384       0xac D:/software/development/arm-none-eabi/13.2 Rel1/bin/../lib/gcc/arm-none-eabi/13.2.1/thumb/v7-m/nofp\libg.a(libc_a-wbuf.o)
                0x0800a384                __swbuf_r
 .text.raise    0x0800a430       0x58 D:/software/development/arm-none-eabi/13.2 Rel1/bin/../lib/gcc/arm-none-eabi/13.2.1/thumb/v7-m/nofp\libg.a(libc_a-signal.o)
                0x0800a430                raise
 .text._fstat_r
                0x0800a488       0x28 D:/software/development/arm-none-eabi/13.2 Rel1/bin/../lib/gcc/arm-none-eabi/13.2.1/thumb/v7-m/nofp\libg.a(libc_a-fstatr.o)
                0x0800a488                _fstat_r
 .text._isatty_r
                0x0800a4b0       0x24 D:/software/development/arm-none-eabi/13.2 Rel1/bin/../lib/gcc/arm-none-eabi/13.2.1/thumb/v7-m/nofp\libg.a(libc_a-isattyr.o)
                0x0800a4b0                _isatty_r
 .text._kill_r  0x0800a4d4       0x28 D:/software/development/arm-none-eabi/13.2 Rel1/bin/../lib/gcc/arm-none-eabi/13.2.1/thumb/v7-m/nofp\libg.a(libc_a-signalr.o)
                0x0800a4d4                _kill_r
 .text._getpid_r
                0x0800a4fc        0x4 D:/software/development/arm-none-eabi/13.2 Rel1/bin/../lib/gcc/arm-none-eabi/13.2.1/thumb/v7-m/nofp\libg.a(libc_a-signalr.o)
                0x0800a4fc                _getpid_r
 *(.glue_7)
 .glue_7        0x0800a500        0x0 linker stubs
 *(.glue_7t)
 .glue_7t       0x0800a500        0x0 linker stubs
 *(.eh_frame)
 .eh_frame      0x0800a500        0x0 D:/software/development/arm-none-eabi/13.2 Rel1/bin/../lib/gcc/arm-none-eabi/13.2.1/thumb/v7-m/nofp/crtbegin.o
 *(.init)
 .init          0x0800a500        0x4 D:/software/development/arm-none-eabi/13.2 Rel1/bin/../lib/gcc/arm-none-eabi/13.2.1/thumb/v7-m/nofp/crti.o
                0x0800a500                _init
 .init          0x0800a504        0x8 D:/software/development/arm-none-eabi/13.2 Rel1/bin/../lib/gcc/arm-none-eabi/13.2.1/thumb/v7-m/nofp/crtn.o
 *(.fini)
 .fini          0x0800a50c        0x4 D:/software/development/arm-none-eabi/13.2 Rel1/bin/../lib/gcc/arm-none-eabi/13.2.1/thumb/v7-m/nofp/crti.o
                0x0800a50c                _fini
 .fini          0x0800a510        0x8 D:/software/development/arm-none-eabi/13.2 Rel1/bin/../lib/gcc/arm-none-eabi/13.2.1/thumb/v7-m/nofp/crtn.o
                0x0800a518                        . = ALIGN (0x4)
                0x0800a518                        _etext = .

.vfp11_veneer   0x0800a518        0x0
 .vfp11_veneer  0x0800a518        0x0 linker stubs

.v4_bx          0x0800a518        0x0
 .v4_bx         0x0800a518        0x0 linker stubs

.iplt           0x0800a518        0x0
 .iplt          0x0800a518        0x0 D:/software/development/arm-none-eabi/13.2 Rel1/bin/../lib/gcc/arm-none-eabi/13.2.1/thumb/v7-m/nofp/crtbegin.o

.rodata         0x0800a518      0x674
                0x0800a518                        . = ALIGN (0x4)
 *(.rodata)
 *(.rodata*)
 .rodata.t1_show.str1.4
                0x0800a518      0x403 CMakeFiles/ad9959.elf.dir/Core/Src/TJC.c.obj
                                 0x45 (size before relaxing)
 .rodata.t2_show.str1.4
                0x0800a91b       0x10 CMakeFiles/ad9959.elf.dir/Core/Src/TJC.c.obj
 .rodata.t3_show.str1.4
                0x0800a91b       0x10 CMakeFiles/ad9959.elf.dir/Core/Src/TJC.c.obj
 .rodata.t4_show.str1.4
                0x0800a91b       0x10 CMakeFiles/ad9959.elf.dir/Core/Src/TJC.c.obj
 .rodata.t5_show.str1.4
                0x0800a91b       0x10 CMakeFiles/ad9959.elf.dir/Core/Src/TJC.c.obj
 .rodata.t6_show.str1.4
                0x0800a91b       0x10 CMakeFiles/ad9959.elf.dir/Core/Src/TJC.c.obj
 .rodata.t7_show.str1.4
                0x0800a91b       0x10 CMakeFiles/ad9959.elf.dir/Core/Src/TJC.c.obj
 .rodata.t8_show.str1.4
                0x0800a91b       0x10 CMakeFiles/ad9959.elf.dir/Core/Src/TJC.c.obj
 .rodata.t9_show.str1.4
                0x0800a91b       0x11 CMakeFiles/ad9959.elf.dir/Core/Src/TJC.c.obj
 .rodata.t10_show.str1.4
                0x0800a91b       0x11 CMakeFiles/ad9959.elf.dir/Core/Src/TJC.c.obj
 .rodata.t11_show.str1.4
                0x0800a91b       0x11 CMakeFiles/ad9959.elf.dir/Core/Src/TJC.c.obj
 .rodata.t12_show.str1.4
                0x0800a91b       0x11 CMakeFiles/ad9959.elf.dir/Core/Src/TJC.c.obj
 .rodata.t25_show.str1.4
                0x0800a91b       0x13 CMakeFiles/ad9959.elf.dir/Core/Src/TJC.c.obj
 .rodata.clear_show.str1.4
                0x0800a91b       0x11 CMakeFiles/ad9959.elf.dir/Core/Src/TJC.c.obj
 .rodata.show_init.str1.4
                0x0800a91b       0xef CMakeFiles/ad9959.elf.dir/Core/Src/TJC.c.obj
 .rodata.set_Hz.str1.4
                0x0800a91b       0x13 CMakeFiles/ad9959.elf.dir/Core/Src/set.c.obj
 .rodata.set_chanelnum.str1.4
                0x0800a91b       0x13 CMakeFiles/ad9959.elf.dir/Core/Src/set.c.obj
 .rodata.set_scanfre.str1.4
                0x0800a91b       0x13 CMakeFiles/ad9959.elf.dir/Core/Src/set.c.obj
 .rodata.Do.str1.4
                0x0800a91b       0xef CMakeFiles/ad9959.elf.dir/Core/Src/set.c.obj
 *fill*         0x0800a91b        0x1 
 .rodata.APBPrescTable
                0x0800a91c        0x8 CMakeFiles/ad9959.elf.dir/Core/Src/system_stm32f1xx.c.obj
                0x0800a91c                APBPrescTable
 .rodata.AHBPrescTable
                0x0800a924       0x10 CMakeFiles/ad9959.elf.dir/Core/Src/system_stm32f1xx.c.obj
                0x0800a924                AHBPrescTable
 .rodata.aPredivFactorTable.0
                0x0800a934        0x2 CMakeFiles/ad9959.elf.dir/Drivers/STM32F1xx_HAL_Driver/Src/stm32f1xx_hal_rcc.c.obj
 *fill*         0x0800a936        0x2 
 .rodata.aPLLMULFactorTable.1
                0x0800a938       0x10 CMakeFiles/ad9959.elf.dir/Drivers/STM32F1xx_HAL_Driver/Src/stm32f1xx_hal_rcc.c.obj
 .rodata._svfprintf_r.str1.4
                0x0800a948       0x42 D:/software/development/arm-none-eabi/13.2 Rel1/bin/../lib/gcc/arm-none-eabi/13.2.1/thumb/v7-m/nofp\libg.a(libc_a-svfprintf.o)
 .rodata.zeroes.0
                0x0800a948       0x10 D:/software/development/arm-none-eabi/13.2 Rel1/bin/../lib/gcc/arm-none-eabi/13.2.1/thumb/v7-m/nofp\libg.a(libc_a-svfprintf.o)
 .rodata.blanks.1
                0x0800a958       0x10 D:/software/development/arm-none-eabi/13.2 Rel1/bin/../lib/gcc/arm-none-eabi/13.2.1/thumb/v7-m/nofp\libg.a(libc_a-svfprintf.o)
 .rodata.str1.4
                0x0800a968       0x4c D:/software/development/arm-none-eabi/13.2 Rel1/bin/../lib/gcc/arm-none-eabi/13.2.1/thumb/v7-m/nofp\libg.a(libc_a-locale.o)
 .rodata._dtoa_r.str1.4
                0x0800a968       0x81 D:/software/development/arm-none-eabi/13.2 Rel1/bin/../lib/gcc/arm-none-eabi/13.2.1/thumb/v7-m/nofp\libg.a(libc_a-dtoa.o)
 .rodata.__multadd.str1.4
                0x0800a968       0x6e D:/software/development/arm-none-eabi/13.2 Rel1/bin/../lib/gcc/arm-none-eabi/13.2.1/thumb/v7-m/nofp\libg.a(libc_a-mprec.o)
 .rodata.p05.0  0x0800a968        0xc D:/software/development/arm-none-eabi/13.2 Rel1/bin/../lib/gcc/arm-none-eabi/13.2.1/thumb/v7-m/nofp\libg.a(libc_a-mprec.o)
 *fill*         0x0800a974        0x4 
 .rodata.__mprec_bigtens
                0x0800a978       0x28 D:/software/development/arm-none-eabi/13.2 Rel1/bin/../lib/gcc/arm-none-eabi/13.2.1/thumb/v7-m/nofp\libg.a(libc_a-mprec.o)
                0x0800a978                __mprec_bigtens
 .rodata.__mprec_tens
                0x0800a9a0       0xc8 D:/software/development/arm-none-eabi/13.2 Rel1/bin/../lib/gcc/arm-none-eabi/13.2.1/thumb/v7-m/nofp\libg.a(libc_a-mprec.o)
                0x0800a9a0                __mprec_tens
 .rodata._ctype_
                0x0800aa68      0x101 D:/software/development/arm-none-eabi/13.2 Rel1/bin/../lib/gcc/arm-none-eabi/13.2.1/thumb/v7-m/nofp\libg.a(libc_a-ctype_.o)
                0x0800aa68                _ctype_
 .rodata.__assert_func.str1.4
                0x0800ab69       0x43 D:/software/development/arm-none-eabi/13.2 Rel1/bin/../lib/gcc/arm-none-eabi/13.2.1/thumb/v7-m/nofp\libg.a(libc_a-assert.o)
 .rodata._vfiprintf_r.str1.4
                0x0800ab69       0x2f D:/software/development/arm-none-eabi/13.2 Rel1/bin/../lib/gcc/arm-none-eabi/13.2.1/thumb/v7-m/nofp\libg.a(libc_a-vfiprintf.o)
 *fill*         0x0800ab69        0x3 
 .rodata.zeroes.0
                0x0800ab6c       0x10 D:/software/development/arm-none-eabi/13.2 Rel1/bin/../lib/gcc/arm-none-eabi/13.2.1/thumb/v7-m/nofp\libg.a(libc_a-vfiprintf.o)
 .rodata.blanks.1
                0x0800ab7c       0x10 D:/software/development/arm-none-eabi/13.2 Rel1/bin/../lib/gcc/arm-none-eabi/13.2.1/thumb/v7-m/nofp\libg.a(libc_a-vfiprintf.o)
                0x0800ab8c                        . = ALIGN (0x4)

.ARM.extab      0x0800ab8c        0x0
                0x0800ab8c                        . = ALIGN (0x4)
 *(.ARM.extab* .gnu.linkonce.armextab.*)
                0x0800ab8c                        . = ALIGN (0x4)

.ARM            0x0800ab8c        0x8
                0x0800ab8c                        . = ALIGN (0x4)
                0x0800ab8c                        __exidx_start = .
 *(.ARM.exidx*)
 .ARM.exidx     0x0800ab8c        0x8 D:/software/development/arm-none-eabi/13.2 Rel1/bin/../lib/gcc/arm-none-eabi/13.2.1/thumb/v7-m/nofp\libg.a(libc_a-memcpy.o)
                0x0800ab94                        __exidx_end = .
                0x0800ab94                        . = ALIGN (0x4)

.preinit_array  0x0800ab94        0x0
                0x0800ab94                        . = ALIGN (0x4)
                0x0800ab94                        PROVIDE (__preinit_array_start = .)
 *(.preinit_array*)
                0x0800ab94                        PROVIDE (__preinit_array_end = .)
                0x0800ab94                        . = ALIGN (0x4)

.init_array     0x0800ab94        0x8
                0x0800ab94                        . = ALIGN (0x4)
                0x0800ab94                        PROVIDE (__init_array_start = .)
 *(SORT_BY_NAME(.init_array.*))
 .init_array.00000
                0x0800ab94        0x4 D:/software/development/arm-none-eabi/13.2 Rel1/bin/../lib/gcc/arm-none-eabi/13.2.1/thumb/v7-m/nofp\libg.a(libc_a-__call_atexit.o)
 *(.init_array*)
 .init_array    0x0800ab98        0x4 D:/software/development/arm-none-eabi/13.2 Rel1/bin/../lib/gcc/arm-none-eabi/13.2.1/thumb/v7-m/nofp/crtbegin.o
                0x0800ab9c                        PROVIDE (__init_array_end = .)
                0x0800ab9c                        . = ALIGN (0x4)

.fini_array     0x0800ab9c        0x4
                0x0800ab9c                        . = ALIGN (0x4)
                0x0800ab9c                        PROVIDE (__fini_array_start = .)
 *(SORT_BY_NAME(.fini_array.*))
 *(.fini_array*)
 .fini_array    0x0800ab9c        0x4 D:/software/development/arm-none-eabi/13.2 Rel1/bin/../lib/gcc/arm-none-eabi/13.2.1/thumb/v7-m/nofp/crtbegin.o
                0x0800aba0                        PROVIDE (__fini_array_end = .)
                0x0800aba0                        . = ALIGN (0x4)
                0x0800aba0                        _sidata = LOADADDR (.data)

.rel.dyn        0x0800aba0        0x0
 .rel.iplt      0x0800aba0        0x0 D:/software/development/arm-none-eabi/13.2 Rel1/bin/../lib/gcc/arm-none-eabi/13.2.1/thumb/v7-m/nofp/crtbegin.o

.data           0x20000000      0x754 load address 0x0800aba0
                0x20000000                        . = ALIGN (0x4)
                0x20000000                        _sdata = .
 *(.data)
 *(.data*)
 .data.ph       0x20000000        0xa CMakeFiles/ad9959.elf.dir/Core/Src/TJC.c.obj
                0x20000000                ph
 *fill*         0x2000000a        0x2 
 .data.mV       0x2000000c        0xa CMakeFiles/ad9959.elf.dir/Core/Src/TJC.c.obj
                0x2000000c                mV
 *fill*         0x20000016        0x2 
 .data.Hz       0x20000018        0xa CMakeFiles/ad9959.elf.dir/Core/Src/TJC.c.obj
                0x20000018                Hz
 *fill*         0x20000022        0x2 
 .data.i        0x20000024        0x4 CMakeFiles/ad9959.elf.dir/Core/Src/TJC.c.obj
                0x20000024                i
 .data.show_num
                0x20000028        0xe CMakeFiles/ad9959.elf.dir/Core/Src/TJC.c.obj
                0x20000028                show_num
 *fill*         0x20000036        0x2 
 .data.FR2_data
                0x20000038        0x2 CMakeFiles/ad9959.elf.dir/Core/Src/ad9959.c.obj
                0x20000038                FR2_data
 *fill*         0x2000003a        0x2 
 .data.FR1_data
                0x2000003c        0x3 CMakeFiles/ad9959.elf.dir/Core/Src/ad9959.c.obj
                0x2000003c                FR1_data
 *fill*         0x2000003f        0x1 
 .data.ch3      0x20000040        0x1 CMakeFiles/ad9959.elf.dir/Core/Src/ad9959.c.obj
                0x20000040                ch3
 *fill*         0x20000041        0x3 
 .data.ch2      0x20000044        0x1 CMakeFiles/ad9959.elf.dir/Core/Src/ad9959.c.obj
                0x20000044                ch2
 *fill*         0x20000045        0x3 
 .data.ch1      0x20000048        0x1 CMakeFiles/ad9959.elf.dir/Core/Src/ad9959.c.obj
                0x20000048                ch1
 *fill*         0x20000049        0x3 
 .data.ch0      0x2000004c        0x1 CMakeFiles/ad9959.elf.dir/Core/Src/ad9959.c.obj
                0x2000004c                ch0
 *fill*         0x2000004d        0x3 
 .data.amp      0x20000050       0x10 CMakeFiles/ad9959.elf.dir/Core/Src/ad9959.c.obj
                0x20000050                amp
 .data.fre      0x20000060       0x10 CMakeFiles/ad9959.elf.dir/Core/Src/ad9959.c.obj
                0x20000060                fre
 .data.key5_f   0x20000070        0x1 CMakeFiles/ad9959.elf.dir/Core/Src/key.c.obj
                0x20000070                key5_f
 .data.key4_f   0x20000071        0x1 CMakeFiles/ad9959.elf.dir/Core/Src/key.c.obj
                0x20000071                key4_f
 .data.key3_f   0x20000072        0x1 CMakeFiles/ad9959.elf.dir/Core/Src/key.c.obj
                0x20000072                key3_f
 .data.key2_f   0x20000073        0x1 CMakeFiles/ad9959.elf.dir/Core/Src/key.c.obj
                0x20000073                key2_f
 .data.key1_f   0x20000074        0x1 CMakeFiles/ad9959.elf.dir/Core/Src/key.c.obj
                0x20000074                key1_f
 *fill*         0x20000075        0x3 
 .data.num      0x20000078        0x4 CMakeFiles/ad9959.elf.dir/Core/Src/set.c.obj
                0x20000078                num
 .data.mVd      0x2000007c        0x2 CMakeFiles/ad9959.elf.dir/Core/Src/set.c.obj
                0x2000007c                mVd
 .data.mVc      0x2000007e        0x2 CMakeFiles/ad9959.elf.dir/Core/Src/set.c.obj
                0x2000007e                mVc
 .data.mVb      0x20000080        0x2 CMakeFiles/ad9959.elf.dir/Core/Src/set.c.obj
                0x20000080                mVb
 .data.mVa      0x20000082        0x2 CMakeFiles/ad9959.elf.dir/Core/Src/set.c.obj
                0x20000082                mVa
 .data.HZd      0x20000084        0x4 CMakeFiles/ad9959.elf.dir/Core/Src/set.c.obj
                0x20000084                HZd
 .data.HZc      0x20000088        0x4 CMakeFiles/ad9959.elf.dir/Core/Src/set.c.obj
                0x20000088                HZc
 .data.HZb      0x2000008c        0x4 CMakeFiles/ad9959.elf.dir/Core/Src/set.c.obj
                0x2000008c                HZb
 .data.HZa      0x20000090        0x4 CMakeFiles/ad9959.elf.dir/Core/Src/set.c.obj
                0x20000090                HZa
 .data.SystemCoreClock
                0x20000094        0x4 CMakeFiles/ad9959.elf.dir/Core/Src/system_stm32f1xx.c.obj
                0x20000094                SystemCoreClock
 .data.uwTickFreq
                0x20000098        0x1 CMakeFiles/ad9959.elf.dir/Drivers/STM32F1xx_HAL_Driver/Src/stm32f1xx_hal.c.obj
                0x20000098                uwTickFreq
 *fill*         0x20000099        0x3 
 .data.uwTickPrio
                0x2000009c        0x4 CMakeFiles/ad9959.elf.dir/Drivers/STM32F1xx_HAL_Driver/Src/stm32f1xx_hal.c.obj
                0x2000009c                uwTickPrio
 .data.__sglue  0x200000a0        0xc D:/software/development/arm-none-eabi/13.2 Rel1/bin/../lib/gcc/arm-none-eabi/13.2.1/thumb/v7-m/nofp\libg.a(libc_a-findfp.o)
                0x200000a0                __sglue
 .data._impure_ptr
                0x200000ac        0x4 D:/software/development/arm-none-eabi/13.2 Rel1/bin/../lib/gcc/arm-none-eabi/13.2.1/thumb/v7-m/nofp\libg.a(libc_a-impure.o)
                0x200000ac                _impure_ptr
 .data._impure_data
                0x200000b0      0x120 D:/software/development/arm-none-eabi/13.2 Rel1/bin/../lib/gcc/arm-none-eabi/13.2.1/thumb/v7-m/nofp\libg.a(libc_a-impure.o)
                0x200000b0                _impure_data
 .data.__atexit_recursive_mutex
                0x200001d0        0x4 D:/software/development/arm-none-eabi/13.2 Rel1/bin/../lib/gcc/arm-none-eabi/13.2.1/thumb/v7-m/nofp\libg.a(libc_a-__call_atexit.o)
                0x200001d0                __atexit_recursive_mutex
 .data.__malloc_sbrk_base
                0x200001d4        0x4 D:/software/development/arm-none-eabi/13.2 Rel1/bin/../lib/gcc/arm-none-eabi/13.2.1/thumb/v7-m/nofp\libg.a(libc_a-mallocr.o)
                0x200001d4                __malloc_sbrk_base
 .data.__malloc_trim_threshold
                0x200001d8        0x4 D:/software/development/arm-none-eabi/13.2 Rel1/bin/../lib/gcc/arm-none-eabi/13.2.1/thumb/v7-m/nofp\libg.a(libc_a-mallocr.o)
                0x200001d8                __malloc_trim_threshold
 *fill*         0x200001dc        0x4 
 .data.__malloc_av_
                0x200001e0      0x408 D:/software/development/arm-none-eabi/13.2 Rel1/bin/../lib/gcc/arm-none-eabi/13.2.1/thumb/v7-m/nofp\libg.a(libc_a-mallocr.o)
                0x200001e0                __malloc_av_
 .data.__global_locale
                0x200005e8      0x16c D:/software/development/arm-none-eabi/13.2 Rel1/bin/../lib/gcc/arm-none-eabi/13.2.1/thumb/v7-m/nofp\libg.a(libc_a-locale.o)
                0x200005e8                __global_locale
 *(.RamFunc)
 *(.RamFunc*)
                0x20000754                        . = ALIGN (0x4)
                0x20000754                        _edata = .

.tm_clone_table
                0x20000754        0x0 load address 0x0800b2f4
 .tm_clone_table
                0x20000754        0x0 D:/software/development/arm-none-eabi/13.2 Rel1/bin/../lib/gcc/arm-none-eabi/13.2.1/thumb/v7-m/nofp/crtbegin.o
 .tm_clone_table
                0x20000754        0x0 D:/software/development/arm-none-eabi/13.2 Rel1/bin/../lib/gcc/arm-none-eabi/13.2.1/thumb/v7-m/nofp/crtend.o

.igot.plt       0x20000754        0x0 load address 0x0800b2f4
 .igot.plt      0x20000754        0x0 D:/software/development/arm-none-eabi/13.2 Rel1/bin/../lib/gcc/arm-none-eabi/13.2.1/thumb/v7-m/nofp/crtbegin.o
                0x20000754                        . = ALIGN (0x4)

.bss            0x20000754      0x4e4 load address 0x0800b2f4
                0x20000754                        _sbss = .
                0x20000754                        __bss_start__ = _sbss
 *(.bss)
 *(.bss*)
 .bss.completed.1
                0x20000754        0x1 D:/software/development/arm-none-eabi/13.2 Rel1/bin/../lib/gcc/arm-none-eabi/13.2.1/thumb/v7-m/nofp/crtbegin.o
 *fill*         0x20000755        0x3 
 .bss.object.0  0x20000758       0x18 D:/software/development/arm-none-eabi/13.2 Rel1/bin/../lib/gcc/arm-none-eabi/13.2.1/thumb/v7-m/nofp/crtbegin.o
 .bss.h         0x20000770        0x4 CMakeFiles/ad9959.elf.dir/Core/Src/TJC.c.obj
                0x20000770                h
 .bss.j         0x20000774        0x4 CMakeFiles/ad9959.elf.dir/Core/Src/TJC.c.obj
                0x20000774                j
 .bss.tjcstr    0x20000778       0x64 CMakeFiles/ad9959.elf.dir/Core/Src/TJC.c.obj
                0x20000778                tjcstr
 .bss.set_flag  0x200007dc        0x1 CMakeFiles/ad9959.elf.dir/Core/Src/TJC.c.obj
                0x200007dc                set_flag
 .bss.chanel_num
                0x200007dd        0x1 CMakeFiles/ad9959.elf.dir/Core/Src/ad9959.c.obj
                0x200007dd                chanel_num
 *fill*         0x200007de        0x2 
 .bss.ACR_data  0x200007e0        0x3 CMakeFiles/ad9959.elf.dir/Core/Src/ad9959.c.obj
                0x200007e0                ACR_data
 *fill*         0x200007e3        0x1 
 .bss.CPOWO_data
                0x200007e4        0x2 CMakeFiles/ad9959.elf.dir/Core/Src/ad9959.c.obj
                0x200007e4                CPOWO_data
 *fill*         0x200007e6        0x2 
 .bss.CFTWO_data
                0x200007e8        0x4 CMakeFiles/ad9959.elf.dir/Core/Src/ad9959.c.obj
                0x200007e8                CFTWO_data
 .bss.pha       0x200007ec       0x10 CMakeFiles/ad9959.elf.dir/Core/Src/ad9959.c.obj
                0x200007ec                pha
 .bss.e         0x200007fc        0x1 CMakeFiles/ad9959.elf.dir/Core/Src/key.c.obj
                0x200007fc                e
 .bss.d         0x200007fd        0x1 CMakeFiles/ad9959.elf.dir/Core/Src/key.c.obj
                0x200007fd                d
 .bss.c         0x200007fe        0x1 CMakeFiles/ad9959.elf.dir/Core/Src/key.c.obj
                0x200007fe                c
 .bss.b         0x200007ff        0x1 CMakeFiles/ad9959.elf.dir/Core/Src/key.c.obj
                0x200007ff                b
 .bss.a         0x20000800        0x1 CMakeFiles/ad9959.elf.dir/Core/Src/key.c.obj
                0x20000800                a
 *fill*         0x20000801        0x3 
 .bss.no_me     0x20000804        0x5 CMakeFiles/ad9959.elf.dir/Core/Src/key.c.obj
                0x20000804                no_me
 .bss.key5_multipass
                0x20000809        0x1 CMakeFiles/ad9959.elf.dir/Core/Src/key.c.obj
                0x20000809                key5_multipass
 .bss.key5_state
                0x2000080a        0x1 CMakeFiles/ad9959.elf.dir/Core/Src/key.c.obj
                0x2000080a                key5_state
 .bss.key4_state
                0x2000080b        0x1 CMakeFiles/ad9959.elf.dir/Core/Src/key.c.obj
                0x2000080b                key4_state
 .bss.key3_state
                0x2000080c        0x1 CMakeFiles/ad9959.elf.dir/Core/Src/key.c.obj
                0x2000080c                key3_state
 .bss.key2_state
                0x2000080d        0x1 CMakeFiles/ad9959.elf.dir/Core/Src/key.c.obj
                0x2000080d                key2_state
 .bss.key1_state
                0x2000080e        0x1 CMakeFiles/ad9959.elf.dir/Core/Src/key.c.obj
                0x2000080e                key1_state
 .bss.key5_flag
                0x2000080f        0x1 CMakeFiles/ad9959.elf.dir/Core/Src/key.c.obj
                0x2000080f                key5_flag
 .bss.key4_flag
                0x20000810        0x1 CMakeFiles/ad9959.elf.dir/Core/Src/key.c.obj
                0x20000810                key4_flag
 .bss.key3_flag
                0x20000811        0x1 CMakeFiles/ad9959.elf.dir/Core/Src/key.c.obj
                0x20000811                key3_flag
 .bss.key2_flag
                0x20000812        0x1 CMakeFiles/ad9959.elf.dir/Core/Src/key.c.obj
                0x20000812                key2_flag
 .bss.key1_flag
                0x20000813        0x1 CMakeFiles/ad9959.elf.dir/Core/Src/key.c.obj
                0x20000813                key1_flag
 .bss.num_last  0x20000814        0x4 CMakeFiles/ad9959.elf.dir/Core/Src/set.c.obj
                0x20000814                num_last
 .bss.s         0x20000818        0x1 CMakeFiles/ad9959.elf.dir/Core/Src/set.c.obj
                0x20000818                s
 *fill*         0x20000819        0x1 
 .bss.ph_f      0x2000081a        0x2 CMakeFiles/ad9959.elf.dir/Core/Src/set.c.obj
                0x2000081a                ph_f
 .bss.ph4       0x2000081c        0x2 CMakeFiles/ad9959.elf.dir/Core/Src/set.c.obj
                0x2000081c                ph4
 .bss.ph3       0x2000081e        0x2 CMakeFiles/ad9959.elf.dir/Core/Src/set.c.obj
                0x2000081e                ph3
 .bss.ph2       0x20000820        0x2 CMakeFiles/ad9959.elf.dir/Core/Src/set.c.obj
                0x20000820                ph2
 .bss.ph1       0x20000822        0x2 CMakeFiles/ad9959.elf.dir/Core/Src/set.c.obj
                0x20000822                ph1
 .bss.mV_f      0x20000824        0x2 CMakeFiles/ad9959.elf.dir/Core/Src/set.c.obj
                0x20000824                mV_f
 *fill*         0x20000826        0x2 
 .bss.HZ        0x20000828        0x4 CMakeFiles/ad9959.elf.dir/Core/Src/set.c.obj
                0x20000828                HZ
 .bss.__sbrk_heap_end
                0x2000082c        0x4 CMakeFiles/ad9959.elf.dir/Core/Src/sysmem.c.obj
 .bss.scan_fre  0x20000830        0x4 CMakeFiles/ad9959.elf.dir/Core/Src/tim.c.obj
                0x20000830                scan_fre
 .bss.no_pass_flag
                0x20000834        0x1 CMakeFiles/ad9959.elf.dir/Core/Src/tim.c.obj
                0x20000834                no_pass_flag
 .bss.no_pass   0x20000835        0x1 CMakeFiles/ad9959.elf.dir/Core/Src/tim.c.obj
                0x20000835                no_pass
 *fill*         0x20000836        0x2 
 .bss.long_pass
                0x20000838        0x5 CMakeFiles/ad9959.elf.dir/Core/Src/tim.c.obj
                0x20000838                long_pass
 *fill*         0x2000083d        0x3 
 .bss.count     0x20000840        0x5 CMakeFiles/ad9959.elf.dir/Core/Src/tim.c.obj
                0x20000840                count
 *fill*         0x20000845        0x3 
 .bss.htim3     0x20000848       0x48 CMakeFiles/ad9959.elf.dir/Core/Src/tim.c.obj
                0x20000848                htim3
 .bss.htim2     0x20000890       0x48 CMakeFiles/ad9959.elf.dir/Core/Src/tim.c.obj
                0x20000890                htim2
 .bss.huart2    0x200008d8       0x48 CMakeFiles/ad9959.elf.dir/Core/Src/usart.c.obj
                0x200008d8                huart2
 .bss.uwTick    0x20000920        0x4 CMakeFiles/ad9959.elf.dir/Drivers/STM32F1xx_HAL_Driver/Src/stm32f1xx_hal.c.obj
                0x20000920                uwTick
 .bss.__sf      0x20000924      0x138 D:/software/development/arm-none-eabi/13.2 Rel1/bin/../lib/gcc/arm-none-eabi/13.2.1/thumb/v7-m/nofp\libg.a(libc_a-findfp.o)
                0x20000924                __sf
 .bss.__stdio_exit_handler
                0x20000a5c        0x4 D:/software/development/arm-none-eabi/13.2 Rel1/bin/../lib/gcc/arm-none-eabi/13.2.1/thumb/v7-m/nofp\libg.a(libc_a-findfp.o)
                0x20000a5c                __stdio_exit_handler
 .bss.errno     0x20000a60        0x4 D:/software/development/arm-none-eabi/13.2 Rel1/bin/../lib/gcc/arm-none-eabi/13.2.1/thumb/v7-m/nofp\libg.a(libc_a-reent.o)
                0x20000a60                errno
 .bss.__lock___malloc_recursive_mutex
                0x20000a64        0x1 D:/software/development/arm-none-eabi/13.2 Rel1/bin/../lib/gcc/arm-none-eabi/13.2.1/thumb/v7-m/nofp\libg.a(libc_a-lock.o)
                0x20000a64                __lock___malloc_recursive_mutex
 *fill*         0x20000a65        0x3 
 .bss.__lock___atexit_recursive_mutex
                0x20000a68        0x1 D:/software/development/arm-none-eabi/13.2 Rel1/bin/../lib/gcc/arm-none-eabi/13.2.1/thumb/v7-m/nofp\libg.a(libc_a-lock.o)
                0x20000a68                __lock___atexit_recursive_mutex
 *fill*         0x20000a69        0x3 
 .bss.__lock___sfp_recursive_mutex
                0x20000a6c        0x1 D:/software/development/arm-none-eabi/13.2 Rel1/bin/../lib/gcc/arm-none-eabi/13.2.1/thumb/v7-m/nofp\libg.a(libc_a-lock.o)
                0x20000a6c                __lock___sfp_recursive_mutex
 *fill*         0x20000a6d        0x3 
 .bss.__atexit  0x20000a70        0x4 D:/software/development/arm-none-eabi/13.2 Rel1/bin/../lib/gcc/arm-none-eabi/13.2.1/thumb/v7-m/nofp\libg.a(libc_a-__call_atexit.o)
                0x20000a70                __atexit
 .bss.__malloc_current_mallinfo
                0x20000a74       0x28 D:/software/development/arm-none-eabi/13.2 Rel1/bin/../lib/gcc/arm-none-eabi/13.2.1/thumb/v7-m/nofp\libg.a(libc_a-mallocr.o)
                0x20000a74                __malloc_current_mallinfo
 .bss.__malloc_max_total_mem
                0x20000a9c        0x4 D:/software/development/arm-none-eabi/13.2 Rel1/bin/../lib/gcc/arm-none-eabi/13.2.1/thumb/v7-m/nofp\libg.a(libc_a-mallocr.o)
                0x20000a9c                __malloc_max_total_mem
 .bss.__malloc_max_sbrked_mem
                0x20000aa0        0x4 D:/software/development/arm-none-eabi/13.2 Rel1/bin/../lib/gcc/arm-none-eabi/13.2.1/thumb/v7-m/nofp\libg.a(libc_a-mallocr.o)
                0x20000aa0                __malloc_max_sbrked_mem
 .bss.__malloc_top_pad
                0x20000aa4        0x4 D:/software/development/arm-none-eabi/13.2 Rel1/bin/../lib/gcc/arm-none-eabi/13.2.1/thumb/v7-m/nofp\libg.a(libc_a-mallocr.o)
                0x20000aa4                __malloc_top_pad
 .bss.__atexit0
                0x20000aa8      0x190 D:/software/development/arm-none-eabi/13.2 Rel1/bin/../lib/gcc/arm-none-eabi/13.2.1/thumb/v7-m/nofp\libg.a(libc_a-__atexit.o)
                0x20000aa8                __atexit0
 *(COMMON)
                0x20000c38                        . = ALIGN (0x4)
                0x20000c38                        _ebss = .
                0x20000c38                        __bss_end__ = _ebss

._user_heap_stack
                0x20000c38      0x600 load address 0x0800b2f4
                0x20000c38                        . = ALIGN (0x8)
                [!provide]                        PROVIDE (end = .)
                0x20000c38                        PROVIDE (_end = .)
                0x20000e38                        . = (. + _Min_Heap_Size)
 *fill*         0x20000c38      0x200 
                0x20001238                        . = (. + _Min_Stack_Size)
 *fill*         0x20000e38      0x400 
                0x20001238                        . = ALIGN (0x8)

/DISCARD/
 libc.a(*)
 libm.a(*)
 libgcc.a(*)

.ARM.attributes
                0x00000000       0x29
 *(.ARM.attributes)
 .ARM.attributes
                0x00000000       0x1d D:/software/development/arm-none-eabi/13.2 Rel1/bin/../lib/gcc/arm-none-eabi/13.2.1/thumb/v7-m/nofp/crti.o
 .ARM.attributes
                0x0000001d       0x2d D:/software/development/arm-none-eabi/13.2 Rel1/bin/../lib/gcc/arm-none-eabi/13.2.1/thumb/v7-m/nofp/crtbegin.o
 .ARM.attributes
                0x0000004a       0x2d CMakeFiles/ad9959.elf.dir/Core/Src/MY_SPI.c.obj
 .ARM.attributes
                0x00000077       0x2d CMakeFiles/ad9959.elf.dir/Core/Src/TJC.c.obj
 .ARM.attributes
                0x000000a4       0x2d CMakeFiles/ad9959.elf.dir/Core/Src/ad9959.c.obj
 .ARM.attributes
                0x000000d1       0x2d CMakeFiles/ad9959.elf.dir/Core/Src/gpio.c.obj
 .ARM.attributes
                0x000000fe       0x2d CMakeFiles/ad9959.elf.dir/Core/Src/key.c.obj
 .ARM.attributes
                0x0000012b       0x2d CMakeFiles/ad9959.elf.dir/Core/Src/main.c.obj
 .ARM.attributes
                0x00000158       0x2d CMakeFiles/ad9959.elf.dir/Core/Src/set.c.obj
 .ARM.attributes
                0x00000185       0x2d CMakeFiles/ad9959.elf.dir/Core/Src/stm32f1xx_hal_msp.c.obj
 .ARM.attributes
                0x000001b2       0x2d CMakeFiles/ad9959.elf.dir/Core/Src/stm32f1xx_it.c.obj
 .ARM.attributes
                0x000001df       0x2d CMakeFiles/ad9959.elf.dir/Core/Src/syscalls.c.obj
 .ARM.attributes
                0x0000020c       0x2d CMakeFiles/ad9959.elf.dir/Core/Src/sysmem.c.obj
 .ARM.attributes
                0x00000239       0x2d CMakeFiles/ad9959.elf.dir/Core/Src/system_stm32f1xx.c.obj
 .ARM.attributes
                0x00000266       0x2d CMakeFiles/ad9959.elf.dir/Core/Src/tim.c.obj
 .ARM.attributes
                0x00000293       0x2d CMakeFiles/ad9959.elf.dir/Core/Src/usart.c.obj
 .ARM.attributes
                0x000002c0       0x21 CMakeFiles/ad9959.elf.dir/Core/Startup/startup_stm32f103c8tx.s.obj
 .ARM.attributes
                0x000002e1       0x2d CMakeFiles/ad9959.elf.dir/Drivers/STM32F1xx_HAL_Driver/Src/stm32f1xx_hal.c.obj
 .ARM.attributes
                0x0000030e       0x2d CMakeFiles/ad9959.elf.dir/Drivers/STM32F1xx_HAL_Driver/Src/stm32f1xx_hal_cortex.c.obj
 .ARM.attributes
                0x0000033b       0x2d CMakeFiles/ad9959.elf.dir/Drivers/STM32F1xx_HAL_Driver/Src/stm32f1xx_hal_gpio.c.obj
 .ARM.attributes
                0x00000368       0x2d CMakeFiles/ad9959.elf.dir/Drivers/STM32F1xx_HAL_Driver/Src/stm32f1xx_hal_rcc.c.obj
 .ARM.attributes
                0x00000395       0x2d CMakeFiles/ad9959.elf.dir/Drivers/STM32F1xx_HAL_Driver/Src/stm32f1xx_hal_tim.c.obj
 .ARM.attributes
                0x000003c2       0x2d CMakeFiles/ad9959.elf.dir/Drivers/STM32F1xx_HAL_Driver/Src/stm32f1xx_hal_tim_ex.c.obj
 .ARM.attributes
                0x000003ef       0x2d CMakeFiles/ad9959.elf.dir/Drivers/STM32F1xx_HAL_Driver/Src/stm32f1xx_hal_uart.c.obj
 .ARM.attributes
                0x0000041c       0x1d D:/software/development/arm-none-eabi/13.2 Rel1/bin/../lib/gcc/arm-none-eabi/13.2.1/thumb/v7-m/nofp\libgcc.a(_arm_addsubdf3.o)
 .ARM.attributes
                0x00000439       0x1d D:/software/development/arm-none-eabi/13.2 Rel1/bin/../lib/gcc/arm-none-eabi/13.2.1/thumb/v7-m/nofp\libgcc.a(_arm_fixunsdfsi.o)
 .ARM.attributes
                0x00000456       0x2d D:/software/development/arm-none-eabi/13.2 Rel1/bin/../lib/gcc/arm-none-eabi/13.2.1/thumb/v7-m/nofp\libg.a(libc_a-findfp.o)
 .ARM.attributes
                0x00000483       0x2d D:/software/development/arm-none-eabi/13.2 Rel1/bin/../lib/gcc/arm-none-eabi/13.2.1/thumb/v7-m/nofp\libg.a(libc_a-fwalk.o)
 .ARM.attributes
                0x000004b0       0x2d D:/software/development/arm-none-eabi/13.2 Rel1/bin/../lib/gcc/arm-none-eabi/13.2.1/thumb/v7-m/nofp\libg.a(libc_a-sprintf.o)
 .ARM.attributes
                0x000004dd       0x2d D:/software/development/arm-none-eabi/13.2 Rel1/bin/../lib/gcc/arm-none-eabi/13.2.1/thumb/v7-m/nofp\libg.a(libc_a-stdio.o)
 .ARM.attributes
                0x0000050a       0x2d D:/software/development/arm-none-eabi/13.2 Rel1/bin/../lib/gcc/arm-none-eabi/13.2.1/thumb/v7-m/nofp\libg.a(libc_a-memset.o)
 .ARM.attributes
                0x00000537       0x2d D:/software/development/arm-none-eabi/13.2 Rel1/bin/../lib/gcc/arm-none-eabi/13.2.1/thumb/v7-m/nofp\libg.a(libc_a-closer.o)
 .ARM.attributes
                0x00000564       0x2d D:/software/development/arm-none-eabi/13.2 Rel1/bin/../lib/gcc/arm-none-eabi/13.2.1/thumb/v7-m/nofp\libg.a(libc_a-reent.o)
 .ARM.attributes
                0x00000591       0x2d D:/software/development/arm-none-eabi/13.2 Rel1/bin/../lib/gcc/arm-none-eabi/13.2.1/thumb/v7-m/nofp\libg.a(libc_a-impure.o)
 .ARM.attributes
                0x000005be       0x2d D:/software/development/arm-none-eabi/13.2 Rel1/bin/../lib/gcc/arm-none-eabi/13.2.1/thumb/v7-m/nofp\libg.a(libc_a-lseekr.o)
 .ARM.attributes
                0x000005eb       0x2d D:/software/development/arm-none-eabi/13.2 Rel1/bin/../lib/gcc/arm-none-eabi/13.2.1/thumb/v7-m/nofp\libg.a(libc_a-readr.o)
 .ARM.attributes
                0x00000618       0x2d D:/software/development/arm-none-eabi/13.2 Rel1/bin/../lib/gcc/arm-none-eabi/13.2.1/thumb/v7-m/nofp\libg.a(libc_a-writer.o)
 .ARM.attributes
                0x00000645       0x2d D:/software/development/arm-none-eabi/13.2 Rel1/bin/../lib/gcc/arm-none-eabi/13.2.1/thumb/v7-m/nofp\libg.a(libc_a-errno.o)
 .ARM.attributes
                0x00000672       0x2d D:/software/development/arm-none-eabi/13.2 Rel1/bin/../lib/gcc/arm-none-eabi/13.2.1/thumb/v7-m/nofp\libg.a(libc_a-init.o)
 .ARM.attributes
                0x0000069f       0x2d D:/software/development/arm-none-eabi/13.2 Rel1/bin/../lib/gcc/arm-none-eabi/13.2.1/thumb/v7-m/nofp\libg.a(libc_a-lock.o)
 .ARM.attributes
                0x000006cc       0x2d D:/software/development/arm-none-eabi/13.2 Rel1/bin/../lib/gcc/arm-none-eabi/13.2.1/thumb/v7-m/nofp\libg.a(libc_a-__call_atexit.o)
 .ARM.attributes
                0x000006f9       0x2d D:/software/development/arm-none-eabi/13.2 Rel1/bin/../lib/gcc/arm-none-eabi/13.2.1/thumb/v7-m/nofp\libg.a(libc_a-atexit.o)
 .ARM.attributes
                0x00000726       0x2d D:/software/development/arm-none-eabi/13.2 Rel1/bin/../lib/gcc/arm-none-eabi/13.2.1/thumb/v7-m/nofp\libg.a(libc_a-freer.o)
 .ARM.attributes
                0x00000753       0x2d D:/software/development/arm-none-eabi/13.2 Rel1/bin/../lib/gcc/arm-none-eabi/13.2.1/thumb/v7-m/nofp\libg.a(libc_a-mallocr.o)
 .ARM.attributes
                0x00000780       0x2d D:/software/development/arm-none-eabi/13.2 Rel1/bin/../lib/gcc/arm-none-eabi/13.2.1/thumb/v7-m/nofp\libg.a(libc_a-mlock.o)
 .ARM.attributes
                0x000007ad       0x2d D:/software/development/arm-none-eabi/13.2 Rel1/bin/../lib/gcc/arm-none-eabi/13.2.1/thumb/v7-m/nofp\libg.a(libc_a-svfprintf.o)
 .ARM.attributes
                0x000007da       0x2d D:/software/development/arm-none-eabi/13.2 Rel1/bin/../lib/gcc/arm-none-eabi/13.2.1/thumb/v7-m/nofp\libg.a(libc_a-fclose.o)
 .ARM.attributes
                0x00000807       0x2d D:/software/development/arm-none-eabi/13.2 Rel1/bin/../lib/gcc/arm-none-eabi/13.2.1/thumb/v7-m/nofp\libg.a(libc_a-fflush.o)
 .ARM.attributes
                0x00000834       0x2d D:/software/development/arm-none-eabi/13.2 Rel1/bin/../lib/gcc/arm-none-eabi/13.2.1/thumb/v7-m/nofp\libg.a(libc_a-strncpy.o)
 .ARM.attributes
                0x00000861       0x2d D:/software/development/arm-none-eabi/13.2 Rel1/bin/../lib/gcc/arm-none-eabi/13.2.1/thumb/v7-m/nofp\libg.a(libc_a-locale.o)
 .ARM.attributes
                0x0000088e       0x2d D:/software/development/arm-none-eabi/13.2 Rel1/bin/../lib/gcc/arm-none-eabi/13.2.1/thumb/v7-m/nofp\libg.a(libc_a-localeconv.o)
 .ARM.attributes
                0x000008bb       0x2d D:/software/development/arm-none-eabi/13.2 Rel1/bin/../lib/gcc/arm-none-eabi/13.2.1/thumb/v7-m/nofp\libg.a(libc_a-sbrkr.o)
 .ARM.attributes
                0x000008e8       0x2d D:/software/development/arm-none-eabi/13.2 Rel1/bin/../lib/gcc/arm-none-eabi/13.2.1/thumb/v7-m/nofp\libg.a(libc_a-fini.o)
 .ARM.attributes
                0x00000915       0x2d D:/software/development/arm-none-eabi/13.2 Rel1/bin/../lib/gcc/arm-none-eabi/13.2.1/thumb/v7-m/nofp\libg.a(libc_a-sysconf.o)
 .ARM.attributes
                0x00000942       0x2d D:/software/development/arm-none-eabi/13.2 Rel1/bin/../lib/gcc/arm-none-eabi/13.2.1/thumb/v7-m/nofp\libg.a(libc_a-memchr-stub.o)
 .ARM.attributes
                0x0000096f       0x2d D:/software/development/arm-none-eabi/13.2 Rel1/bin/../lib/gcc/arm-none-eabi/13.2.1/thumb/v7-m/nofp\libg.a(libc_a-strlen-stub.o)
 .ARM.attributes
                0x0000099c       0x2d D:/software/development/arm-none-eabi/13.2 Rel1/bin/../lib/gcc/arm-none-eabi/13.2.1/thumb/v7-m/nofp\libg.a(libm_a-s_frexp.o)
 .ARM.attributes
                0x000009c9       0x2d D:/software/development/arm-none-eabi/13.2 Rel1/bin/../lib/gcc/arm-none-eabi/13.2.1/thumb/v7-m/nofp\libg.a(libc_a-__atexit.o)
 .ARM.attributes
                0x000009f6       0x2d D:/software/development/arm-none-eabi/13.2 Rel1/bin/../lib/gcc/arm-none-eabi/13.2.1/thumb/v7-m/nofp\libg.a(libc_a-dtoa.o)
 .ARM.attributes
                0x00000a23       0x2d D:/software/development/arm-none-eabi/13.2 Rel1/bin/../lib/gcc/arm-none-eabi/13.2.1/thumb/v7-m/nofp\libg.a(libc_a-mbtowc_r.o)
 .ARM.attributes
                0x00000a50       0x2d D:/software/development/arm-none-eabi/13.2 Rel1/bin/../lib/gcc/arm-none-eabi/13.2.1/thumb/v7-m/nofp\libg.a(libc_a-mprec.o)
 .ARM.attributes
                0x00000a7d       0x2d D:/software/development/arm-none-eabi/13.2 Rel1/bin/../lib/gcc/arm-none-eabi/13.2.1/thumb/v7-m/nofp\libg.a(libc_a-wctomb_r.o)
 .ARM.attributes
                0x00000aaa       0x2d D:/software/development/arm-none-eabi/13.2 Rel1/bin/../lib/gcc/arm-none-eabi/13.2.1/thumb/v7-m/nofp\libg.a(libc_a-wcrtomb.o)
 .ARM.attributes
                0x00000ad7       0x2d D:/software/development/arm-none-eabi/13.2 Rel1/bin/../lib/gcc/arm-none-eabi/13.2.1/thumb/v7-m/nofp\libg.a(libc_a-wcsrtombs.o)
 .ARM.attributes
                0x00000b04       0x2d D:/software/development/arm-none-eabi/13.2 Rel1/bin/../lib/gcc/arm-none-eabi/13.2.1/thumb/v7-m/nofp\libg.a(libc_a-ctype_.o)
 .ARM.attributes
                0x00000b31       0x2d D:/software/development/arm-none-eabi/13.2 Rel1/bin/../lib/gcc/arm-none-eabi/13.2.1/thumb/v7-m/nofp\libg.a(libc_a-svfiprintf.o)
 .ARM.attributes
                0x00000b5e       0x2d D:/software/development/arm-none-eabi/13.2 Rel1/bin/../lib/gcc/arm-none-eabi/13.2.1/thumb/v7-m/nofp\libg.a(libc_a-memmove.o)
 .ARM.attributes
                0x00000b8b       0x1b D:/software/development/arm-none-eabi/13.2 Rel1/bin/../lib/gcc/arm-none-eabi/13.2.1/thumb/v7-m/nofp\libg.a(libc_a-memcpy.o)
 .ARM.attributes
                0x00000ba6       0x2d D:/software/development/arm-none-eabi/13.2 Rel1/bin/../lib/gcc/arm-none-eabi/13.2.1/thumb/v7-m/nofp\libg.a(libc_a-assert.o)
 .ARM.attributes
                0x00000bd3       0x2d D:/software/development/arm-none-eabi/13.2 Rel1/bin/../lib/gcc/arm-none-eabi/13.2.1/thumb/v7-m/nofp\libg.a(libc_a-callocr.o)
 .ARM.attributes
                0x00000c00       0x2d D:/software/development/arm-none-eabi/13.2 Rel1/bin/../lib/gcc/arm-none-eabi/13.2.1/thumb/v7-m/nofp\libg.a(libc_a-reallocr.o)
 .ARM.attributes
                0x00000c2d       0x2d D:/software/development/arm-none-eabi/13.2 Rel1/bin/../lib/gcc/arm-none-eabi/13.2.1/thumb/v7-m/nofp\libg.a(libc_a-wcsnrtombs.o)
 .ARM.attributes
                0x00000c5a       0x2d D:/software/development/arm-none-eabi/13.2 Rel1/bin/../lib/gcc/arm-none-eabi/13.2.1/thumb/v7-m/nofp\libg.a(libc_a-fiprintf.o)
 .ARM.attributes
                0x00000c87       0x2d D:/software/development/arm-none-eabi/13.2 Rel1/bin/../lib/gcc/arm-none-eabi/13.2.1/thumb/v7-m/nofp\libg.a(libc_a-vfiprintf.o)
 .ARM.attributes
                0x00000cb4       0x2d D:/software/development/arm-none-eabi/13.2 Rel1/bin/../lib/gcc/arm-none-eabi/13.2.1/thumb/v7-m/nofp\libg.a(libc_a-fvwrite.o)
 .ARM.attributes
                0x00000ce1       0x2d D:/software/development/arm-none-eabi/13.2 Rel1/bin/../lib/gcc/arm-none-eabi/13.2.1/thumb/v7-m/nofp\libg.a(libc_a-wsetup.o)
 .ARM.attributes
                0x00000d0e       0x2d D:/software/development/arm-none-eabi/13.2 Rel1/bin/../lib/gcc/arm-none-eabi/13.2.1/thumb/v7-m/nofp\libg.a(libc_a-fputwc.o)
 .ARM.attributes
                0x00000d3b       0x2d D:/software/development/arm-none-eabi/13.2 Rel1/bin/../lib/gcc/arm-none-eabi/13.2.1/thumb/v7-m/nofp\libg.a(libc_a-abort.o)
 .ARM.attributes
                0x00000d68       0x2d D:/software/development/arm-none-eabi/13.2 Rel1/bin/../lib/gcc/arm-none-eabi/13.2.1/thumb/v7-m/nofp\libg.a(libc_a-makebuf.o)
 .ARM.attributes
                0x00000d95       0x2d D:/software/development/arm-none-eabi/13.2 Rel1/bin/../lib/gcc/arm-none-eabi/13.2.1/thumb/v7-m/nofp\libg.a(libc_a-wbuf.o)
 .ARM.attributes
                0x00000dc2       0x2d D:/software/development/arm-none-eabi/13.2 Rel1/bin/../lib/gcc/arm-none-eabi/13.2.1/thumb/v7-m/nofp\libg.a(libc_a-signal.o)
 .ARM.attributes
                0x00000def       0x2d D:/software/development/arm-none-eabi/13.2 Rel1/bin/../lib/gcc/arm-none-eabi/13.2.1/thumb/v7-m/nofp\libg.a(libc_a-fstatr.o)
 .ARM.attributes
                0x00000e1c       0x2d D:/software/development/arm-none-eabi/13.2 Rel1/bin/../lib/gcc/arm-none-eabi/13.2.1/thumb/v7-m/nofp\libg.a(libc_a-isattyr.o)
 .ARM.attributes
                0x00000e49       0x2d D:/software/development/arm-none-eabi/13.2 Rel1/bin/../lib/gcc/arm-none-eabi/13.2.1/thumb/v7-m/nofp\libg.a(libc_a-signalr.o)
 .ARM.attributes
                0x00000e76       0x1d D:/software/development/arm-none-eabi/13.2 Rel1/bin/../lib/gcc/arm-none-eabi/13.2.1/thumb/v7-m/nofp\libgcc.a(_arm_muldivdf3.o)
 .ARM.attributes
                0x00000e93       0x1d D:/software/development/arm-none-eabi/13.2 Rel1/bin/../lib/gcc/arm-none-eabi/13.2.1/thumb/v7-m/nofp\libgcc.a(_arm_cmpdf2.o)
 .ARM.attributes
                0x00000eb0       0x1d D:/software/development/arm-none-eabi/13.2 Rel1/bin/../lib/gcc/arm-none-eabi/13.2.1/thumb/v7-m/nofp\libgcc.a(_arm_unorddf2.o)
 .ARM.attributes
                0x00000ecd       0x1d D:/software/development/arm-none-eabi/13.2 Rel1/bin/../lib/gcc/arm-none-eabi/13.2.1/thumb/v7-m/nofp\libgcc.a(_arm_fixdfsi.o)
 .ARM.attributes
                0x00000eea       0x2d D:/software/development/arm-none-eabi/13.2 Rel1/bin/../lib/gcc/arm-none-eabi/13.2.1/thumb/v7-m/nofp/crtend.o
 .ARM.attributes
                0x00000f17       0x1d D:/software/development/arm-none-eabi/13.2 Rel1/bin/../lib/gcc/arm-none-eabi/13.2.1/thumb/v7-m/nofp/crtn.o
OUTPUT(ad9959.elf elf32-littlearm)
LOAD linker stubs
LOAD D:/software/development/arm-none-eabi/13.2 Rel1/bin/../lib/gcc/arm-none-eabi/13.2.1/thumb/v7-m/nofp\libc.a
LOAD D:/software/development/arm-none-eabi/13.2 Rel1/bin/../lib/gcc/arm-none-eabi/13.2.1/thumb/v7-m/nofp\libm.a
LOAD D:/software/development/arm-none-eabi/13.2 Rel1/bin/../lib/gcc/arm-none-eabi/13.2.1/thumb/v7-m/nofp\libgcc.a

.debug_info     0x00000000    0x1346b
 .debug_info    0x00000000      0x3e6 CMakeFiles/ad9959.elf.dir/Core/Src/MY_SPI.c.obj
 .debug_info    0x000003e6     0x1e75 CMakeFiles/ad9959.elf.dir/Core/Src/TJC.c.obj
 .debug_info    0x0000225b      0xaa0 CMakeFiles/ad9959.elf.dir/Core/Src/ad9959.c.obj
 .debug_info    0x00002cfb      0x3e8 CMakeFiles/ad9959.elf.dir/Core/Src/gpio.c.obj
 .debug_info    0x000030e3      0x4f8 CMakeFiles/ad9959.elf.dir/Core/Src/key.c.obj
 .debug_info    0x000035db      0xc1e CMakeFiles/ad9959.elf.dir/Core/Src/main.c.obj
 .debug_info    0x000041f9      0xcc2 CMakeFiles/ad9959.elf.dir/Core/Src/set.c.obj
 .debug_info    0x00004ebb      0x1f4 CMakeFiles/ad9959.elf.dir/Core/Src/stm32f1xx_hal_msp.c.obj
 .debug_info    0x000050af      0x6df CMakeFiles/ad9959.elf.dir/Core/Src/stm32f1xx_it.c.obj
 .debug_info    0x0000578e      0x789 CMakeFiles/ad9959.elf.dir/Core/Src/syscalls.c.obj
 .debug_info    0x00005f17      0x171 CMakeFiles/ad9959.elf.dir/Core/Src/sysmem.c.obj
 .debug_info    0x00006088      0x22d CMakeFiles/ad9959.elf.dir/Core/Src/system_stm32f1xx.c.obj
 .debug_info    0x000062b5      0xe25 CMakeFiles/ad9959.elf.dir/Core/Src/tim.c.obj
 .debug_info    0x000070da      0x80b CMakeFiles/ad9959.elf.dir/Core/Src/usart.c.obj
 .debug_info    0x000078e5       0x30 CMakeFiles/ad9959.elf.dir/Core/Startup/startup_stm32f103c8tx.s.obj
 .debug_info    0x00007915      0x7a2 CMakeFiles/ad9959.elf.dir/Drivers/STM32F1xx_HAL_Driver/Src/stm32f1xx_hal.c.obj
 .debug_info    0x000080b7      0xcd9 CMakeFiles/ad9959.elf.dir/Drivers/STM32F1xx_HAL_Driver/Src/stm32f1xx_hal_cortex.c.obj
 .debug_info    0x00008d90      0x604 CMakeFiles/ad9959.elf.dir/Drivers/STM32F1xx_HAL_Driver/Src/stm32f1xx_hal_gpio.c.obj
 .debug_info    0x00009394      0x9c7 CMakeFiles/ad9959.elf.dir/Drivers/STM32F1xx_HAL_Driver/Src/stm32f1xx_hal_rcc.c.obj
 .debug_info    0x00009d5b     0x3be7 CMakeFiles/ad9959.elf.dir/Drivers/STM32F1xx_HAL_Driver/Src/stm32f1xx_hal_tim.c.obj